[prep] chapter 31
[render] chapter 30 (isolated process)
Warning: You are sending unauthenticated requests to the HF Hub. Please set a HF_TOKEN to enable higher rate limits and faster downloads.
saved 7169 chars -> data/chapters/ch31.txt
digest via opencode (opencode/muse-spark-1.3-contributor-free)
   bible alias 'Thanh Sơn lão ca' -> Thanh Sơn lão tổ [31]
segments=91 roster=['Narrator', 'Dịch Phong', 'Mao Lâm', 'Mao Doãn Nhi', 'Lạc Lan Tuyết'] -> data/script-31.json
[prep] chapter 32
===== voices chapter 30 =====
74 segments -> 33 local calls (runs batched)
[0000-0002] Narrator (Đức Trí, t=0.9 s=0.1): Chứng kiến cảnh này, vô số người đang theo dõi đều kinh hãi …
[0003-0005] Mọi người (Đức Trí, t=0.9 s=0.12): Một con dao phay ư, khiến ta cười chết mất.…
[0006-0007] Narrator (Đức Trí, t=0.8 s=0.15): Những người của Thanh Sơn môn nghe những lời chói tai ấy, ai…
[0008] Huyền Vũ lão tổ (Quang Sơn, t=0.88 s=0.12): Thanh Sơn, ngươi quả nhiên đã cùng đường mạt lộ, lại dám cầm…
[0009] Narrator (Đức Trí, t=0.8 s=0.15): Huyền Vũ lão tổ từ trên cao phóng ra chưởng ấn, vẻ mặt đầy k…
[0010] Thanh Sơn lão tổ (Minh Triết, t=0.8 s=0.15): Thử một chút, liền biết.…
[0011-0022] Narrator (Đức Trí, t=0.92 s=0.1): Thanh Sơn lão tổ vô cảm đáp một tiếng, ngay khi lời vừa dứt,…
[0023-0024] Mọi người (Đức Trí, t=0.9 s=0.1): Hô!…
[0025-0032] Narrator (Đức Trí, t=0.92 s=0.1): Nhìn thấy cảnh này, tất cả mọi người có mặt đều không thể ti…
[0033] Thanh Sơn lão tổ (Minh Triết, t=0.92 s=0.1): Ha ha ha!…
[0034] Narrator (Đức Trí, t=0.8 s=0.15): Thanh Sơn lão tổ cũng bị chính một đao của mình làm cho chấn…
[0035] Huyền Vũ lão tổ (Quang Sơn, t=0.9 s=0.18): Thanh Sơn, ngươi cái kẻ tiểu nhân hèn hạ, ngươi vì sao lại c…
[0036] Narrator (Đức Trí, t=0.9 s=0.18): Còn Huyền Vũ lão tổ thì tức giận gầm lên,…
[0037] Huyền Vũ lão tổ (Quang Sơn, t=0.9 s=0.18): Có giỏi thì ngươi hãy bỏ dao phay xuống mà công bằng chiến đ…
[0038-0040] Thanh Sơn lão tổ (Minh Triết, t=0.9 s=0.12): Buông xuống dao phay công bằng đánh một trận?…
[0041-0049] Narrator (Đức Trí, t=0.92 s=0.1): Thanh Sơn lão tổ hừ một tiếng đầy giận dữ, mang theo tiếng c…
[0050] Dịch Phong (Thái Sơn, t=0.9 s=0.18): XXX mẹ ngươi.…
[0051] Narrator (Đức Trí, t=0.8 s=0.15): Bị tiếng ồn làm phiền đến tâm loạn ý phiền, Dịch Phong chửi …
[0052] Dịch Phong (Thái Sơn, t=0.9 s=0.18): Đến cùng là kẻ khốn nạn nào vậy, muốn đánh nhau thì không bi…
[0053-0056] Narrator (Đức Trí, t=0.8 s=0.15): Dịch Phong phun một bãi nước bọt, rồi mới bực bội quay về võ…
[0057] Mao Lâm (Minh Triết, t=0.9 s=0.12): Ha ha, Dịch sư phụ mời uống trà.…
[0058] Narrator (Đức Trí, t=0.8 s=0.15): Mao Lâm ngồi ở vị trí chủ tọa, là một hội trưởng thương hội,…
[0059-0060] Mao Lâm (Minh Triết, t=0.9 s=0.12): Không biết Dịch đại sư hôm nay đến thương hội của ta có việc…
[0061] Narrator (Đức Trí, t=0.8 s=0.15): Nghe vậy, Dịch Phong khẽ nhíu mày, đồng thời sắc mặt cũng tr…
[0062] Mao Lâm (Minh Triết, t=0.8 s=0.15): Dịch sư phụ, thật không dám giấu diếm, ngươi đến chỗ ta ngồi…
[0063] Narrator (Đức Trí, t=0.8 s=0.15): Mao Lâm nâng ly trà lên, nhấp một ngụm trà rồi nói tiếp:…
[0064-0066] Mao Lâm (Minh Triết, t=0.8 s=0.15): Nhưng nếu lại muốn in ấn những thứ vô dụng đó, thì ta e rằng…
[0067] Dịch Phong (Thái Sơn, t=0.8 s=0.15): Tốt thôi!…
[0068-0069] Narrator (Đức Trí, t=0.85 s=0.22): Dịch Phong mím chặt môi, trong lòng không khỏi thở dài một t…
[0070] Mao Lâm (Minh Triết, t=0.8 s=0.15): Doãn Nhi, không thấy ta đang tiếp khách sao, sao lại bất lịc…
[0071] Narrator (Đức Trí, t=0.8 s=0.15): Mao Lâm hơi trách cứ nói, nhưng trong ánh mắt lại tràn đầy s…
[0072] Mao Doãn Nhi (Mỹ Duyên, t=0.92 s=0.1): Phụ thân, con đến là muốn hỏi một chút, rốt cuộc người có tì…
[0073] Narrator (Đức Trí, t=0.8 s=0.15): Cô gái được gọi là Doãn Nhi càu nhàu nói, qua cách gọi đó có…
render log -> output/render-20260914.jsonl | calls: vieneu-local×33
voices done: 1 ok [30] | 0 failed []
saved 4795 chars -> data/chapters/ch32.txt
digest via opencode (opencode/muse-spark-1.3-contributor-free)
[render] chapter 31 (isolated process)
Warning: You are sending unauthenticated requests to the HF Hub. Please set a HF_TOKEN to enable higher rate limits and faster downloads.
[merge] chapter 30
gap 300ms x33 speech turns
ambience [0-257s] wind-rain-arena-duel -> rain-light.mp3
ambience [258-318s] sky-chase-binh-giang -> dry
ambience [318-504s] martial-hall-yard -> dry + hall
speed 1.25x -> output/.ch30-merge-ambx1.25.wav
done -> output/.ch30-merge-ambx1.25.wav + output/.ch30-merge-ambx1.25.mp3
[merge] done -> output/Ch.30 - Liền bắt nạt ngươi không có.mp3
   bible +Doãn Hùng (adult male, smooth merchant tone with decisive authority) [32]
   bible +Quản gia (adult male, nervous and deferential tone) [32]
   bible alias 'Dịch tiên sinh' -> Dịch Phong [32]
segments=38 roster=['Narrator', 'Doãn Hùng', 'Lạc Lan Tuyết', 'Quản gia', 'Dịch Phong', 'Doãn Lạc Ly'] -> data/script-32.json
[prep] chapter 33
===== voices chapter 31 =====
91 segments -> 61 local calls (runs batched)
[0000-0005] Narrator (Đức Trí, t=0.9 s=0.1): Chương 31: Có hi vọng lại một thôn…
[0006] Mao Lâm (Minh Triết, t=0.8 s=0.15): Doãn Nhi, ta đang tiếp đãi khách nhân, con ra ngoài trước đi…
[0007-0008] Narrator (Đức Trí, t=0.8 s=0.15): Mao Doãn Nhi liếc nhìn Dịch Phong một cái, chu môi rồi lui r…
[0009] Mao Lâm (Minh Triết, t=0.8 s=0.15): Dịch sư phụ, thực không dám giấu giếm, tiểu nữ đúng là độc g…
[0010] Narrator (Đức Trí, t=0.8 s=0.15): Nhưng nói đến đây, câu chuyện của hắn lại rẽ sang hướng khác…
[0011-0013] Mao Lâm (Minh Triết, t=0.8 s=0.15): Thế nhưng...…
[0014] Narrator (Đức Trí, t=0.8 s=0.15): Nghe vậy, Dịch Phong gật đầu, không nói thêm gì, liền chuẩn …
[0015] Mao Lâm (Minh Triết, t=0.92 s=0.08): Khoan đã.…
[0016-0019] Narrator (Đức Trí, t=0.9 s=0.1): Mao Lâm lại gọi.…
[0020] Mao Lâm (Minh Triết, t=0.88 s=0.12): Vừa rồi ngươi cũng thấy đấy, nữ nhi của ta đang tìm tác giả …
[0021] Narrator (Đức Trí, t=0.8 s=0.15): Mao Lâm bưng chiếc mâm ngọc đưa về phía Dịch Phong, nói tiếp…
[0022] Mao Lâm (Minh Triết, t=0.8 s=0.15): Đừng nói ra thân phận của ngươi trước mặt nữ nhi của ta, đây…
[0023-0024] Narrator (Đức Trí, t=0.8 s=0.15): Dịch Phong nhíu mày, nhìn về phía mâm ngọc.…
[0025] Dịch Phong (Thái Sơn, t=0.8 s=0.15): Mười đồng này là tiền thảo dược lần trước, còn lại, thì khôn…
[0026-0030] Narrator (Đức Trí, t=0.8 s=0.15): Dứt lời, Dịch Phong quay người liền đi.…
[0031] Mao Doãn Nhi (Mỹ Duyên, t=0.92 s=0.1): Phụ thân, người đã nói sẽ giới thiệu con với tác giả Hồng Lâ…
[0032] Narrator (Đức Trí, t=0.9 s=0.12): Mao Doãn Nhi chu môi đỏ mọng làm nũng nói.…
[0033] Mao Lâm (Minh Triết, t=0.8 s=0.15): Doãn Nhi, con vẫn nên học tập buôn bán với các tiền bối tron…
[0034] Narrator (Đức Trí, t=0.8 s=0.15): Mao Lâm nhẹ giọng quát mắng.…
[0035] Mao Doãn Nhi (Mỹ Duyên, t=0.9 s=0.18): Buôn bán buôn bán, người chỉ biết muốn con buôn bán, con căn…
[0036] Narrator (Đức Trí, t=0.8 s=0.15): Mao Doãn Nhi dậm chân ngọc nũng nịu nói.…
[0037] Mao Lâm (Minh Triết, t=0.8 s=0.15): Con nói những điều này cũng vô ích, con sẽ không gặp được hắ…
[0038] Narrator (Đức Trí, t=0.8 s=0.15): Mao Lâm xụ mặt nói.…
[0039] Mao Doãn Nhi (Mỹ Duyên, t=0.9 s=0.1): Vì sao?…
[0040] Narrator (Đức Trí, t=0.8 s=0.15): Mao Doãn Nhi lo lắng nói.…
[0041] Mao Lâm (Minh Triết, t=0.9 s=0.12): Chỉ là một gã thôn phu nghèo hèn nơi sơn dã mà thôi, nếu khô…
[0042] Narrator (Đức Trí, t=0.8 s=0.15): Mao Lâm khinh miệt nói:…
[0043] Mao Lâm (Minh Triết, t=0.8 s=0.15): Vả lại, chuyện này cũng không mang lại lợi nhuận quá lớn cho…
[0044] Mao Doãn Nhi (Mỹ Duyên, t=0.92 s=0.08): Thế nhưng, thế nhưng doanh số Hồng Lâu Mộng rõ ràng rất tốt …
[0045] Narrator (Đức Trí, t=0.8 s=0.15): Mao Doãn Nhi không cam lòng nói:…
[0046] Mao Doãn Nhi (Mỹ Duyên, t=0.9 s=0.1): Vì sao không hợp tác với hắn?…
[0047] Mao Lâm (Minh Triết, t=0.8 s=0.15): Dù đúng là có không ít lợi nhuận, nhưng đó không phải trọng …
[0048] Narrator (Đức Trí, t=0.8 s=0.15): Mao Lâm nghiêm mặt giải thích:…
[0049] Mao Lâm (Minh Triết, t=0.8 s=0.15): Hơn nữa bây giờ đang là thời kỳ mấu chốt cạnh tranh với Bảo …
[0050] Narrator (Đức Trí, t=0.8 s=0.15): Hình như thấy Mao Doãn Nhi còn muốn nói gì đó, hắn nghiêm ng…
[0051] Mao Lâm (Minh Triết, t=0.8 s=0.15): Thôi, ta còn có chuyện phải bận, các ngươi đưa tiểu thư về p…
[0052-0059] Narrator (Đức Trí, t=0.92 s=0.1): Mặc cho Mao Doãn Nhi giãy giụa đến đâu, hai hạ nhân vẫn trực…
[0060] Lạc Lan Tuyết (Thục Đoan, t=0.8 s=0.15): Gặp qua tiên sinh.…
[0061-0062] Narrator (Đức Trí, t=0.8 s=0.15): Lạc Lan Tuyết thi lễ một cái, ánh mắt lại không dám nhìn thẳ…
[0063] Dịch Phong (Thái Sơn, t=0.9 s=0.12): Là hai vị à.…
[0064] Narrator (Đức Trí, t=0.8 s=0.15): Dịch Phong gật đầu, cười hỏi:…
[0065] Dịch Phong (Thái Sơn, t=0.9 s=0.12): Thanh Sơn lão ca đâu rồi, sao không thấy đến.…
[0066] Lạc Lan Tuyết (Thục Đoan, t=0.8 s=0.15): Sư... thúc phụ ta gần đây đang tịnh dưỡng ở nhà, cố ý muốn h…
[0067] Narrator (Đức Trí, t=0.8 s=0.15): Lạc Lan Tuyết từ trong tay đưa ra một chiếc giỏ đựng quà tin…
[0068] Lạc Lan Tuyết (Thục Đoan, t=0.8 s=0.15): Đây là trái cây hái trên núi, thúc phụ bảo chúng ta mang đến…
[0069] Dịch Phong (Thái Sơn, t=0.9 s=0.12): Khách sáo quá.…
[0070-0072] Narrator (Đức Trí, t=0.9 s=0.12): Dịch Phong cười nhận lấy giỏ trái cây, không khách khí mở ra…
[0073] Lạc Lan Tuyết (Thục Đoan, t=0.8 s=0.15): Tiên sinh đây là từ đâu đến vậy?…
[0074] Dịch Phong (Thái Sơn, t=0.8 s=0.15): Ta à...…
[0075] Narrator (Đức Trí, t=0.8 s=0.15): Dịch Phong cười khổ một tiếng, nói:…
[0076] Dịch Phong (Thái Sơn, t=0.85 s=0.22): Trong lúc rảnh rỗi, viết một cuốn sách, muốn kiếm thêm chút …
[0077] Lạc Lan Tuyết (Thục Đoan, t=0.9 s=0.1): Tiên sinh viết sách để trang trải cuộc sống, lại không tìm đ…
[0078-0082] Narrator (Đức Trí, t=0.8 s=0.15): Lạc Lan Tuyết hơi kinh ngạc.…
[0083] Lạc Lan Tuyết (Thục Đoan, t=0.8 s=0.15): Tiên sinh, nếu không chúng ta giúp đỡ ngài nhé?…
[0084] Narrator (Đức Trí, t=0.8 s=0.15): Sau khi hoàn hồn, Lạc Lan Tuyết lại cẩn thận dè dặt hỏi.…
[0085] Dịch Phong (Thái Sơn, t=0.9 s=0.1): Ồ?…
[0086] Narrator (Đức Trí, t=0.8 s=0.15): Mắt Dịch Phong hơi sáng lên.…
[0087] Lạc Lan Tuyết (Thục Đoan, t=0.92 s=0.1): Là thế này, phụ thân Lạc Ly là hội trưởng Bảo Phong thương h…
[0088] Narrator (Đức Trí, t=0.8 s=0.15): Lạc Lan Tuyết giải thích, dù sao tiên sinh đã nhập phàm, nàn…
[0089] Dịch Phong (Thái Sơn, t=0.92 s=0.1): Vậy thì thật là quá tốt rồi.…
[0090] Narrator (Đức Trí, t=0.92 s=0.1): Tâm trạng u ám của Dịch Phong lập tức tan biến, đúng là "hy …
render log -> output/render-20260914.jsonl | calls: vieneu-local×61
voices done: 1 ok [31] | 0 failed []
saved 6837 chars -> data/chapters/ch33.txt
digest via opencode (opencode/muse-spark-1.3-contributor-free)
[render] chapter 32 (isolated process)
Warning: You are sending unauthenticated requests to the HF Hub. Please set a HF_TOKEN to enable higher rate limits and faster downloads.
[merge] chapter 31
gap 300ms x61 speech turns
ambience: everything dry, skipped
speed 1.25x -> output/.ch31-mergex1.25.wav
done -> output/.ch31-mergex1.25.wav + output/.ch31-mergex1.25.mp3
[merge] done -> output/Ch.31 - Có hi vọng lại một thôn.mp3
segments=85 roster=['Narrator', 'Thanh Sơn lão tổ', 'Lạc Lan Tuyết', 'Chung Thanh', 'Dịch Phong', 'Chu Vân'] -> data/script-33.json
[prep] chapter 34
===== voices chapter 32 =====
38 segments -> 31 local calls (runs batched)
[0000-0003] Narrator (Đức Trí, t=0.8 s=0.15): Nghe vậy, Lạc Lan Tuyết vô cùng mừng rỡ. Đồng thời nàng cũng…
[0004] Doãn Hùng (Minh Triết, t=0.9 s=0.1): Vị này là...?…
[0005] Narrator (Đức Trí, t=0.8 s=0.15): Doãn Hùng nhìn về phía Dịch Phong, nhẹ giọng hỏi.…
[0006] Lạc Lan Tuyết (Thục Đoan, t=0.8 s=0.15): Đây là Dịch tiên sinh.…
[0007] Narrator (Đức Trí, t=0.8 s=0.15): Lạc Lan Tuyết vội vàng giới thiệu, không đợi Doãn Hùng nói g…
[0008] Doãn Hùng (Minh Triết, t=0.8 s=0.15): Kính chào Dịch tiên sinh.…
[0009] Narrator (Đức Trí, t=0.8 s=0.15): Doãn Hùng khẽ cúi người chào Dịch Phong, đồng thời nháy mắt …
[0010] Doãn Hùng (Minh Triết, t=0.9 s=0.1): Chất nữ, vị Dịch tiên sinh này, rốt cuộc là ai vậy?…
[0011-0013] Narrator (Đức Trí, t=0.8 s=0.15): Ông nhẹ giọng hỏi Lạc Lan Tuyết. Với tư cách là hội trưởng t…
[0014] Lạc Lan Tuyết (Thục Đoan, t=0.8 s=0.15): Bá phụ, thân phận của Dịch tiên sinh con không tiện tiết lộ …
[0015-0016] Narrator (Đức Trí, t=0.8 s=0.15): Nghe vậy, thân thể Doãn Hùng khẽ run lên. Ông lập tức hít mộ…
[0017] Doãn Hùng (Minh Triết, t=0.92 s=0.08): Người đâu, mau dọn những món điểm tâm ngon nhất của thương h…
[0018-0019] Narrator (Đức Trí, t=0.8 s=0.15): Doãn Hùng vung tay áo, một nhóm tỳ nữ xinh xắn liền xếp thàn…
[0020] Doãn Hùng (Minh Triết, t=0.9 s=0.1): Xuất bản sách?…
[0021] Narrator (Đức Trí, t=0.8 s=0.15): Nghe vậy, Doãn Hùng hầu như không chút do dự, liền gọi quản …
[0022] Quản gia (Quang Sơn, t=0.8 s=0.15): Lão gia có gì phân phó ạ?…
[0023] Narrator (Đức Trí, t=0.8 s=0.15): Quản gia cung kính hỏi.…
[0024] Doãn Hùng (Minh Triết, t=0.8 s=0.15): Bắt đầu từ hôm nay, thương hội này sẽ dốc toàn lực giúp Dịch…
[0025] Narrator (Đức Trí, t=0.8 s=0.15): Doãn Hùng trực tiếp ra lệnh.…
[0026] Quản gia (Quang Sơn, t=0.92 s=0.08): Lão gia, nhưng hiện tại trọng tâm của thương hội đều đặt vào…
[0027] Narrator (Đức Trí, t=0.8 s=0.15): Quản gia ngẩng đầu, lo lắng nói.…
[0028] Doãn Hùng (Minh Triết, t=0.9 s=0.18): Ta không cần biết những thứ đó, ngươi nói nhiều vậy làm gì?…
[0029] Narrator (Đức Trí, t=0.8 s=0.15): Doãn Hùng bỗng nhiên nổi giận, trực tiếp tát một cái vào mặt…
[0030] Doãn Hùng (Minh Triết, t=0.9 s=0.18): Ta bảo ngươi đặt trọng tâm thương hội vào việc xuất bản sách…
[0031] Quản gia (Quang Sơn, t=0.8 s=0.15): Vâng.…
[0032] Narrator (Đức Trí, t=0.8 s=0.15): Quản gia sợ hãi biến sắc, không dám nói thêm lời nào, ôm khu…
[0033] Dịch Phong (Thái Sơn, t=0.8 s=0.15): Doãn hội trưởng, không cần phải làm đến mức này đâu, vẫn là …
[0034] Narrator (Đức Trí, t=0.8 s=0.15): Dịch Phong có chút thụ sủng nhược kinh nói. Y chỉ muốn xuất …
[0035] Doãn Hùng (Minh Triết, t=0.9 s=0.12): Có gì đâu mà không cần thiết. Nói thật ra, bản thân ta cũng …
[0036] Narrator (Đức Trí, t=0.8 s=0.15): Doãn Hùng cười tủm tỉm nói, lời lẽ kín kẽ không chê vào đâu …
[0037] Doãn Lạc Ly (Shizuka, t=0.9 s=0.12): Sao ta lại không hề biết thương hội nhà mình có ý định phát …
render log -> output/render-20260914.jsonl | calls: vieneu-local×31
voices done: 1 ok [32] | 0 failed []
saved 6218 chars -> data/chapters/ch34.txt
digest via opencode (opencode/muse-spark-1.3-contributor-free)
[render] chapter 33 (isolated process)
Warning: You are sending unauthenticated requests to the HF Hub. Please set a HF_TOKEN to enable higher rate limits and faster downloads.
[merge] chapter 32
gap 300ms x31 speech turns
ambience [0-62s] roadside-rest -> market-crowd.mp3
ambience [63-324s] bao-phong-guild-hall -> dry + hall
speed 1.25x -> output/.ch32-merge-ambx1.25.wav
done -> output/.ch32-merge-ambx1.25.wav + output/.ch32-merge-ambx1.25.mp3
[merge] done -> output/Ch.32 - Vị Dịch tiên sinh này, rốt cuộc là ai?.mp3
   grammar fixes: 1
   bible +Mậu Mậu (girl, bright playful and pouty tone) [34]
segments=73 roster=['Narrator', 'Mao Lâm', 'Thành viên thương hội', 'Mao Doãn Nhi', 'Mậu Mậu'] -> data/script-34.json
[prep] chapter 35
===== voices chapter 33 =====
85 segments -> 57 local calls (runs batched)
[0000-0003] Narrator (Đức Trí, t=0.8 s=0.15): Dịch Phong ban đầu định từ chối, nhưng Doãn Hùng quá nhiệt t…
[0004] Thanh Sơn lão tổ (Minh Triết, t=0.9 s=0.12): Không tệ, làm tốt lắm.…
[0005] Narrator (Đức Trí, t=0.8 s=0.15): Thanh Sơn lão tổ mặt mày hớn hở, nói:…
[0006] Thanh Sơn lão tổ (Minh Triết, t=0.8 s=0.15): Hiện tại xem ra, quan hệ giữa chúng ta và tiền bối ngày càng…
[0007] Lạc Lan Tuyết (Thục Đoan, t=0.8 s=0.15): Đúng vậy!…
[0008] Narrator (Đức Trí, t=0.8 s=0.15): Lạc Lan Tuyết cũng khẽ thở dài, nhưng vẫn nghi ngờ hỏi:…
[0009] Lạc Lan Tuyết (Thục Đoan, t=0.9 s=0.1): Sư tôn, ngày đó người cầm thần đao truy đuổi Huyền Vũ lão tổ…
[0010] Thanh Sơn lão tổ (Minh Triết, t=0.8 s=0.15): À, thông tin về Huyền Vũ trước đây vẫn còn sai sót!…
[0011] Narrator (Đức Trí, t=0.8 s=0.15): Thanh Sơn lão tổ thở dài:…
[0012] Thanh Sơn lão tổ (Minh Triết, t=0.8 s=0.15): Chỉ khi giao đấu thật sự mới hiểu được, hắn đã bước vào cảnh…
[0013] Lạc Lan Tuyết (Thục Đoan, t=0.8 s=0.15): Thảo nào...…
[0014] Narrator (Đức Trí, t=0.85 s=0.22): Lạc Lan Tuyết lúc này mới gật đầu, trên mặt cũng hiện lên vẻ…
[0015] Thanh Sơn lão tổ (Minh Triết, t=0.8 s=0.15): À Tuyết Nhi, Nhân Tinh Quả đó con đã tận tay giao cho tiền b…
[0016] Narrator (Đức Trí, t=0.8 s=0.15): Hình như lại nghĩ ra điều gì, Thanh Sơn lão tổ vội vàng hỏi.…
[0017] Lạc Lan Tuyết (Thục Đoan, t=0.8 s=0.15): Tổng cộng tám quả đã được giao toàn bộ cho tiền bối.…
[0018] Narrator (Đức Trí, t=0.8 s=0.15): Lạc Lan Tuyết cung kính đáp.…
[0019] Thanh Sơn lão tổ (Minh Triết, t=0.9 s=0.12): Vậy thì tốt rồi, tốt rồi.…
[0020] Narrator (Đức Trí, t=0.8 s=0.15): Thanh Sơn lão tổ gật đầu, sau đó vung tay lấy ra một chiếc h…
[0021] Thanh Sơn lão tổ (Minh Triết, t=0.8 s=0.15): Tuyết Nhi, ở đây còn một quả Nhân Tinh Quả nữa, con cầm lấy …
[0022] Lạc Lan Tuyết (Thục Đoan, t=0.9 s=0.1): À, sư phụ, như vậy sao được ạ? Nhân Tinh Quả này ngàn năm mớ…
[0023] Narrator (Đức Trí, t=0.8 s=0.15): Lạc Lan Tuyết vội vàng từ chối.…
[0024] Thanh Sơn lão tổ (Minh Triết, t=0.8 s=0.15): Không sao đâu. Vi sư đã may mắn được nếm một quả khi theo sư…
[0025] Narrator (Đức Trí, t=0.8 s=0.15): Thanh Sơn lão tổ cười nói.…
[0026] Lạc Lan Tuyết (Thục Đoan, t=0.85 s=0.22): Sư phụ.…
[0027] Narrator (Đức Trí, t=0.8 s=0.15): Mắt Lạc Lan Tuyết rưng rưng.…
[0028] Thanh Sơn lão tổ (Minh Triết, t=0.8 s=0.15): Con xuống đi, vi sư còn muốn bế quan. Chờ ta xuất quan, sẽ c…
[0029] Narrator (Đức Trí, t=0.8 s=0.15): Dứt lời, Thanh Sơn lão tổ đã nhắm mắt lại.…
[0030] Lạc Lan Tuyết (Thục Đoan, t=0.8 s=0.15): Vâng, đồ nhi xin cáo lui.…
[0031-0036] Narrator (Đức Trí, t=0.8 s=0.15): Lạc Lan Tuyết lúc này mới hai tay nâng hộp ngọc, cung kính l…
[0037] Chung Thanh (Nobita, t=0.8 s=0.15): Sư phụ, con không sao.…
[0038] Narrator (Đức Trí, t=0.8 s=0.15): Chung Thanh mở mắt nói:…
[0039] Chung Thanh (Nobita, t=0.8 s=0.15): Người đi nghỉ đi, con nằm một lát thấy đỡ sẽ đi nấu cơm.…
[0040] Dịch Phong (Thái Sơn, t=0.8 s=0.15): Còn nói không sao?…
[0041] Narrator (Đức Trí, t=0.8 s=0.15): Dịch Phong sa sầm nét mặt, khẽ quát:…
[0042] Dịch Phong (Thái Sơn, t=0.9 s=0.18): Con xem con sốt đến mức nào rồi, xem lại chân tay sưng phù n…
[0043-0057] Narrator (Đức Trí, t=0.92 s=0.1): Dịch Phong rất ít khi nổi giận, khiến Chung Thanh im lặng ng…
[0058] Lạc Lan Tuyết (Thục Đoan, t=0.8 s=0.15): Sách của tiên sinh quả nhiên rất hay. Loại sách này, e rằng …
[0059-0060] Narrator (Đức Trí, t=0.85 s=0.22): Lạc Lan Tuyết ngồi xếp bằng trên đỉnh núi Thanh Sơn môn, mây…
[0061] Chu Vân (Quang Sơn, t=0.8 s=0.15): Tuyết Nhi.…
[0062] Narrator (Đức Trí, t=0.8 s=0.15): Lúc này, một bóng người xuất hiện bên cạnh Lạc Lan Tuyết. Hắ…
[0063] Lạc Lan Tuyết (Thục Đoan, t=0.8 s=0.15): Gặp qua môn chủ sư huynh.…
[0064] Narrator (Đức Trí, t=0.8 s=0.15): Người đến chính là Chu Vân của Thanh Sơn môn. Lạc Lan Tuyết …
[0065] Chu Vân (Quang Sơn, t=0.8 s=0.15): Tuyết Nhi, vì sao gần đây trong tông lại lạnh lẽo như vậy? T…
[0066-0067] Narrator (Đức Trí, t=0.9 s=0.18): Chu Vân vừa mới xuất quan đã nhận thấy Thanh Sơn môn yên tĩn…
[0068] Lạc Lan Tuyết (Thục Đoan, t=0.8 s=0.15): Khởi bẩm môn chủ sư huynh, điều này e rằng có liên quan đến …
[0069] Chu Vân (Quang Sơn, t=0.9 s=0.1): Sách của Dịch tiên sinh?…
[0070] Narrator (Đức Trí, t=0.8 s=0.15): Chu Vân lập tức giật mình, đưa tay hỏi:…
[0071] Chu Vân (Quang Sơn, t=0.92 s=0.08): Con có không?…
[0072-0073] Narrator (Đức Trí, t=0.8 s=0.15): Lạc Lan Tuyết đưa ngọc thủ ra.…
[0074] Chu Vân (Quang Sơn, t=0.92 s=0.1): Đây đúng là của Dịch tiên sinh sao?…
[0075-0076] Narrator (Đức Trí, t=0.92 s=0.1): Lạc Lan Tuyết trịnh trọng gật đầu.…
[0077] Lạc Lan Tuyết (Thục Đoan, t=0.9 s=0.1): Sư huynh người?…
[0078] Narrator (Đức Trí, t=0.8 s=0.15): Lạc Lan Tuyết gọi.…
[0079] Chu Vân (Quang Sơn, t=0.92 s=0.08): Ta bế quan hai ngày, việc trong tông con giúp xử lý. Có việc…
[0080-0081] Narrator (Đức Trí, t=0.8 s=0.15): Từ trên bầu trời truyền đến giọng Chu Vân.…
[0082] Lạc Lan Tuyết (Thục Đoan, t=0.9 s=0.1): Môn chủ sư huynh, người không phải vừa mới xuất quan sao?…
[0083-0084] Narrator (Đức Trí, t=0.8 s=0.15): Nhưng trên bầu trời...…
render log -> output/render-20260914.jsonl | calls: vieneu-local×57
voices done: 1 ok [33] | 0 failed []
saved 4071 chars -> data/chapters/ch35.txt
digest via opencode (opencode/muse-spark-1.3-contributor-free)
[render] chapter 34 (isolated process)
Warning: You are sending unauthenticated requests to the HF Hub. Please set a HF_TOKEN to enable higher rate limits and faster downloads.
[merge] chapter 33
gap 300ms x57 speech turns
ambience [0-39s] vu-quan-return-morning -> dry
ambience [39-166s] thanh-son-hall-report -> dry + hall
ambience [167-341s] time-skip-late-autumn -> dry
ambience [341-474s] thanh-son-peak-discussion -> mountain-wind.mp3
speed 1.25x -> output/.ch33-merge-ambx1.25.wav
done -> output/.ch33-merge-ambx1.25.wav + output/.ch33-merge-ambx1.25.mp3
[merge] done -> output/Ch.33 - Vô tiền khoáng hậu tiếng vọng.mp3
segments=54 roster=['Narrator', 'Mậu Mậu', 'Mao Doãn Nhi', 'Dịch Phong'] -> data/script-35.json
[prep] chapter 36
saved 4539 chars -> data/chapters/ch36.txt
digest via opencode (opencode/muse-spark-1.3-contributor-free)
segments=39 roster=['Narrator', 'Mậu Mậu', 'Mao Doãn Nhi', 'Dịch Phong', 'Cô nương'] -> data/script-36.json
[prep] chapter 37
===== voices chapter 34 =====
73 segments -> 45 local calls (runs batched)
[0000-0001] Narrator (Đức Trí, t=0.8 s=0.15): Chương 34: Giai nhân đầy phiền muộn…
[0002] Thành viên thương hội (Quang Sơn, t=0.92 s=0.08): Hội trưởng mau nghĩ biện pháp đi ạ!…
[0003] Narrator (Đức Trí, t=0.8 s=0.15): Lúc này, một thành viên cấp cao cuối cùng không thể ngồi yên…
[0004-0005] Thành viên thương hội (Quang Sơn, t=0.92 s=0.08): Mọi người đều biết, một thành chỉ có thể có một thương hội c…
[0006] Narrator (Đức Trí, t=0.8 s=0.15): Một thành viên cấp cao khác cũng đứng dậy nói:…
[0007-0008] Thành viên thương hội (Quang Sơn, t=0.92 s=0.08): Lúc đầu cạnh tranh với Bảo Phong thương hội, chúng ta có thể…
[0009-0013] Narrator (Đức Trí, t=0.8 s=0.15): Lại có người đứng dậy nói.…
[0014] Thành viên thương hội (Quang Sơn, t=0.9 s=0.1): Hội trưởng, trước đây ta nghe nói, hình như tác giả gốc của …
[0015-0019] Narrator (Đức Trí, t=0.8 s=0.15): Lúc này, một thành viên cấp cao hỏi Mao Lâm.…
[0020] Mao Lâm (Minh Triết, t=0.8 s=0.15): Các vị an tâm chớ vội, Bình Giang thương hội chúng ta đã tồn…
[0021] Thành viên thương hội (Quang Sơn, t=0.9 s=0.1): Xin hỏi hội trưởng sẽ giải quyết thế nào ạ?…
[0022-0023] Narrator (Đức Trí, t=0.8 s=0.15): Có người hỏi.…
[0024] Mao Lâm (Minh Triết, t=0.8 s=0.15): Vị tác giả kia ta và hắn có chút quen biết, cùng lắm thì ta …
[0025] Narrator (Đức Trí, t=0.8 s=0.15): Mao Lâm sắc mặt khó coi nói.…
[0026] Thành viên thương hội (Quang Sơn, t=0.9 s=0.1): Hội trưởng, người ta mới đầu tìm thương hội chúng ta hợp tác…
[0027-0030] Narrator (Đức Trí, t=0.8 s=0.15): Một người trong số đó hỏi.…
[0031] Mao Lâm (Minh Triết, t=0.8 s=0.15): Chuyện này các vị không cần lo lắng, ta đã nói ta và hắn còn…
[0032] Thành viên thương hội (Quang Sơn, t=0.8 s=0.15): Chỉ mong là như vậy.…
[0033-0036] Narrator (Đức Trí, t=0.8 s=0.15): Đã Mao Lâm nói như thế, mọi người trong thương hội cũng chỉ …
[0037] Mậu Mậu (Ngọc Trân, t=0.92 s=0.1): Tiểu thư tiểu thư, có tin vui lớn ạ!…
[0038] Narrator (Đức Trí, t=0.8 s=0.15): Vừa đúng lúc này, một tên thị nữ mặt mày hớn hở chạy tới.…
[0039] Mao Doãn Nhi (Mỹ Duyên, t=0.8 s=0.15): Mậu Mậu, chẳng phải ta đã dặn con làm việc đừng quá hấp tấp …
[0040] Narrator (Đức Trí, t=0.8 s=0.15): Nữ tử áo trắng giận dỗi nhìn thị nữ đang chạy đến, nhẹ giọng…
[0041] Mậu Mậu (Ngọc Trân, t=0.92 s=0.1): Tiểu thư, là hắn ra sách mới.…
[0042] Narrator (Đức Trí, t=0.8 s=0.15): Mậu Mậu vẫy vẫy cánh tay, trong tay cầm một quyển sách hô.…
[0043-0044] Mao Doãn Nhi (Mỹ Duyên, t=0.9 s=0.1): Hắn?…
[0045] Narrator (Đức Trí, t=0.8 s=0.15): Nữ tử áo trắng nghe vậy, vội vàng đứng dậy đi tới đón Mậu Mậ…
[0046] Mao Doãn Nhi (Mỹ Duyên, t=0.92 s=0.1): Nhanh Mậu Mậu, mau cho ta xem một chút.…
[0047] Mậu Mậu (Ngọc Trân, t=0.9 s=0.12): Hừ tiểu thư, người còn nói ta hấp tấp đây, người xem người c…
[0048] Narrator (Đức Trí, t=0.8 s=0.15): Mậu Mậu chu môi nhỏ đỏ mọng, hờn dỗi nói.…
[0049] Mao Doãn Nhi (Mỹ Duyên, t=0.8 s=0.15): Con còn dám cãi lại, nhanh, chuẩn bị chỗ ngồi và trà cho ta,…
[0050-0053] Narrator (Đức Trí, t=0.8 s=0.15): Nữ tử áo trắng vội vã phân phó thị nữ Mậu Mậu.…
[0054-0056] Mao Doãn Nhi (Mỹ Duyên, t=0.8 s=0.15): Nếu như cho ta một lần làm lại cơ hội, ta sẽ nói với nàng, t…
[0057-0058] Narrator (Đức Trí, t=0.8 s=0.15): Nữ tử áo trắng nhẹ giọng lẩm bẩm.…
[0059] Mậu Mậu (Ngọc Trân, t=0.9 s=0.12): Tiểu thư, người xem người lại thế này, lần trước cuốn Hồng L…
[0060] Mao Doãn Nhi (Mỹ Duyên, t=0.8 s=0.15): Con tiểu nha đầu này, rõ ràng còn cãi lại.…
[0061] Narrator (Đức Trí, t=0.8 s=0.15): Nữ tử áo trắng nhẹ giọng quát, cẩn thận đặt cuốn Chí Tôn Bảo…
[0062] Mao Doãn Nhi (Mỹ Duyên, t=0.92 s=0.1): Một bản Hồng Lâu Mộng, một bản Chí Tôn Bảo, Mậu Mậu con nói …
[0063] Narrator (Đức Trí, t=0.8 s=0.15): Dứt lời, đôi mắt tinh ranh của nàng chớp chớp, trở nên đầy v…
[0064] Mậu Mậu (Ngọc Trân, t=0.8 s=0.15): Ta cũng không biết.…
[0065] Narrator (Đức Trí, t=0.8 s=0.15): Mậu Mậu lắc đầu vẻ khổ sở.…
[0066] Mao Doãn Nhi (Mỹ Duyên, t=0.85 s=0.22): A!…
[0067-0069] Narrator (Đức Trí, t=0.8 s=0.15): Một tiếng thở dài đầy ưu tư.…
[0070] Mao Doãn Nhi (Mỹ Duyên, t=0.9 s=0.1): Ân?…
[0071-0072] Narrator (Đức Trí, t=0.8 s=0.15): Nữ tử áo trắng nhíu mày.…
render log -> output/render-20260914.jsonl | calls: vieneu-local×45
voices done: 1 ok [34] | 0 failed []
saved 4517 chars -> data/chapters/ch37.txt
digest via opencode (opencode/muse-spark-1.3-contributor-free)
[render] chapter 35 (isolated process)
Warning: You are sending unauthenticated requests to the HF Hub. Please set a HF_TOKEN to enable higher rate limits and faster downloads.
[merge] chapter 34
gap 300ms x45 speech turns
ambience [0-229s] merchant-guild-hall -> dry + hall
ambience [230-441s] mountain-pavilion-lakeside -> mountain-wind.mp3
speed 1.25x -> output/.ch34-merge-ambx1.25.wav
done -> output/.ch34-merge-ambx1.25.wav + output/.ch34-merge-ambx1.25.mp3
[merge] done -> output/Ch.34 - Giai nhân đầy phiền muộn.mp3
   grammar fixes: 2
   bible +Bạch Phiêu Phiêu (adult female, elegant and softly curious tone with restrained amusement) [37]
   bible alias 'Dịch công tử' -> Dịch Phong [37]
   bible alias 'Mậu Mậu cô nương' -> Mậu Mậu [37]
segments=73 roster=['Dịch Phong', 'Bạch Phiêu Phiêu', 'Mậu Mậu', 'Narrator'] -> data/script-37.json
[prep] chapter 38
===== voices chapter 35 =====
54 segments -> 40 local calls (runs batched)
[0000] Mậu Mậu (Ngọc Trân, t=0.9 s=0.1): À, là một thanh niên, lại còn là một phàm nhân.…
[0001] Narrator (Đức Trí, t=0.8 s=0.15): Mậu Mậu hé cánh cửa ra một khe nhỏ, nhìn ra ngoài rồi quay đ…
[0002] Mao Doãn Nhi (Mỹ Duyên, t=0.9 s=0.1): Phàm nhân?…
[0003] Narrator (Đức Trí, t=0.8 s=0.15): Cô gái áo trắng khẽ nhíu đôi mày thanh tú, đôi môi mấp máy n…
[0004] Mao Doãn Nhi (Mỹ Duyên, t=0.8 s=0.15): Hỏi hắn có chuyện gì?…
[0005] Mậu Mậu (Ngọc Trân, t=0.8 s=0.15): Hắn nói muốn tá túc, tiểu thư thấy sao?…
[0006] Narrator (Đức Trí, t=0.8 s=0.15): Mậu Mậu dò hỏi, nhìn về phía cô gái áo trắng.…
[0007] Mao Doãn Nhi (Mỹ Duyên, t=0.8 s=0.15): Cứ để hắn vào đi, sắp xếp cho hắn một tiểu viện, đồng thời c…
[0008] Narrator (Đức Trí, t=0.8 s=0.15): Cô gái áo trắng phân phó một tiếng, rồi lập tức không để tâm…
[0009] Mậu Mậu (Ngọc Trân, t=0.92 s=0.1): Này, mời vào!…
[0010-0012] Narrator (Đức Trí, t=0.8 s=0.15): Mậu Mậu mở toang cửa chính, một thanh niên lưng đeo giỏ trúc…
[0013] Dịch Phong (Thái Sơn, t=0.8 s=0.15): Đa tạ.…
[0014-0015] Narrator (Đức Trí, t=0.8 s=0.15): Dịch Phong vội vàng cảm ơn, rồi mới bước vào cổng chính.…
[0016-0019] Dịch Phong (Thái Sơn, t=0.8 s=0.15): Không sơn tân vũ tích lịch hậu.…
[0020-0022] Narrator (Đức Trí, t=0.8 s=0.15): Cảnh tượng này khiến Dịch Phong không kìm được mà mượn những…
[0023] Mao Doãn Nhi (Mỹ Duyên, t=0.8 s=0.15): Không sơn tân vũ tích lịch hậu, nhập mộ quy sào vãn lai thu,…
[0024-0028] Narrator (Đức Trí, t=0.8 s=0.15): Nàng bất giác khẽ ngâm theo.…
[0029] Mao Doãn Nhi (Mỹ Duyên, t=0.8 s=0.15): Phàm phu tục tử, cũng không hẳn là như vậy...…
[0030] Narrator (Đức Trí, t=0.8 s=0.15): Nàng thầm nghĩ, đồng thời đôi tay ngọc ngà thu lại quyển sác…
[0031] Mao Doãn Nhi (Mỹ Duyên, t=0.9 s=0.12): Công tử thơ hay, tiểu nữ xin đa tạ.…
[0032] Dịch Phong (Thái Sơn, t=0.8 s=0.15): Cô nương khách khí.…
[0033] Narrator (Đức Trí, t=0.8 s=0.15): Dịch Phong chắp tay về phía nàng, rồi đi theo Mậu Mậu đến ch…
[0034] Mao Doãn Nhi (Mỹ Duyên, t=0.8 s=0.15): Đã sắp xếp ổn thỏa chưa?…
[0035] Narrator (Đức Trí, t=0.8 s=0.15): Cô gái áo trắng khẽ hỏi.…
[0036] Mậu Mậu (Ngọc Trân, t=0.8 s=0.15): Sắp xếp ổn thỏa rồi, tiểu thư.…
[0037] Narrator (Đức Trí, t=0.8 s=0.15): Mậu Mậu quay trở lại, sau đó ngạc nhiên há hốc miệng nhỏ, ki…
[0038] Mậu Mậu (Ngọc Trân, t=0.9 s=0.1): A tiểu thư, người đang viết, chẳng phải là bài thơ hắn vừa m…
[0039] Mao Doãn Nhi (Mỹ Duyên, t=0.8 s=0.15): Ừm.…
[0040] Narrator (Đức Trí, t=0.8 s=0.15): Cô gái áo trắng khẽ gật đầu, đôi tay ngọc ngà cầm bút viết l…
[0041] Mậu Mậu (Ngọc Trân, t=0.9 s=0.12): Ối ối tiểu thư, người không phải là đã để ý cái phàm nhân ki…
[0042] Narrator (Đức Trí, t=0.8 s=0.15): Mậu Mậu che miệng nhỏ bên cạnh, kinh ngạc nói.…
[0043] Mao Doãn Nhi (Mỹ Duyên, t=0.8 s=0.15): Nói bậy bạ gì đó?…
[0044] Narrator (Đức Trí, t=0.8 s=0.15): Cô gái liếc Mậu Mậu một cái, đôi tay ngọc ngà đặt bút xuống.…
[0045-0046] Mao Doãn Nhi (Mỹ Duyên, t=0.8 s=0.15): Ta chỉ là cảm thấy, câu thơ này của hắn thật sự rất hợp với …
[0047] Mậu Mậu (Ngọc Trân, t=0.9 s=0.12): Hì hì, tiểu thư còn nói không phải để ý cái phàm nhân kia, m…
[0048] Narrator (Đức Trí, t=0.8 s=0.15): Mậu Mậu nghịch ngợm che miệng cười nói.…
[0049] Mao Doãn Nhi (Mỹ Duyên, t=0.8 s=0.15): Con bé này, ngươi lại nói lung tung, coi chừng ta đánh ngươi…
[0050] Narrator (Đức Trí, t=0.8 s=0.15): Cô gái áo trắng giả vờ muốn gõ đầu Mậu Mậu, đồng thời nói:…
[0051-0052] Mao Doãn Nhi (Mỹ Duyên, t=0.8 s=0.15): Phàm nhân dù có tốt đến mấy cũng chỉ là một kẻ phàm nhân, kh…
[0053] Narrator (Đức Trí, t=0.8 s=0.15): Nàng muốn nói rồi lại thôi, không nói tiếp nữa, chỉ siết chặ…
render log -> output/render-20260914.jsonl | calls: vieneu-local×40
voices done: 1 ok [35] | 0 failed []
saved 4057 chars -> data/chapters/ch38.txt
digest via opencode (opencode/muse-spark-1.3-contributor-free)
[render] chapter 36 (isolated process)
Warning: You are sending unauthenticated requests to the HF Hub. Please set a HF_TOKEN to enable higher rate limits and faster downloads.
[merge] chapter 35
gap 300ms x40 speech turns
ambience [0-293s] mountain-house-rainy-evening -> rain-light.mp3
speed 1.25x -> output/.ch35-merge-ambx1.25.wav
done -> output/.ch35-merge-ambx1.25.wav + output/.ch35-merge-ambx1.25.mp3
[merge] done -> output/Ch.35 - Công tử thơ hay. . ..mp3
   bible alias 'Phiêu Phiêu cô nương' -> Bạch Phiêu Phiêu [38]
segments=57 roster=['Narrator', 'Bạch Phiêu Phiêu', 'Dịch Phong', 'Mậu Mậu'] -> data/script-38.json
[prep] chapter 39
===== voices chapter 36 =====
39 segments -> 26 local calls (runs batched)
[0000] Narrator (Đức Trí, t=0.8 s=0.15): Mậu Mậu tinh nghịch nói với giọng đầy ẩn ý:…
[0001] Mậu Mậu (Ngọc Trân, t=0.9 s=0.12): Đúng, đúng thế, tiểu thư có thích thì cũng là thích tác giả …
[0002] Mao Doãn Nhi (Mỹ Duyên, t=0.8 s=0.15): Im miệng!…
[0003] Narrator (Đức Trí, t=0.8 s=0.15): Nữ tử gõ nhẹ đầu Mậu Mậu, đoạn khuôn mặt lại lộ vẻ lo âu:…
[0004] Mao Doãn Nhi (Mỹ Duyên, t=0.8 s=0.15): Nhưng ngươi nói xem, liệu hắn có phải là phàm nhân không?…
[0005] Mậu Mậu (Ngọc Trân, t=0.8 s=0.15): Ừm...…
[0006] Narrator (Đức Trí, t=0.8 s=0.15): Mậu Mậu gãi gãi đầu nhỏ suy nghĩ rồi đáp:…
[0007] Mậu Mậu (Ngọc Trân, t=0.8 s=0.15): Ta thấy chắc không phải đâu. Người xem, nhân vật trong Chí T…
[0008] Mao Doãn Nhi (Mỹ Duyên, t=0.8 s=0.15): Đúng.…
[0009-0010] Narrator (Đức Trí, t=0.8 s=0.15): Nữ tử tán thưởng nhìn Mậu Mậu. Nàng cũng nghĩ vậy, một tiểu …
[0011] Mao Doãn Nhi (Mỹ Duyên, t=0.8 s=0.15): Vậy Mậu Mậu, từ hôm nay trở đi, ngươi hãy giúp ta dốc toàn l…
[0012] Narrator (Đức Trí, t=0.8 s=0.15): Nữ tử nhẹ giọng căn dặn.…
[0013] Mậu Mậu (Ngọc Trân, t=0.9 s=0.12): Dạ dạ dạ, tiểu thư, ta biết tâm tư của người rồi, ta sẽ lập …
[0014-0017] Narrator (Đức Trí, t=0.8 s=0.15): Mậu Mậu che miệng khẽ cười nói, rồi lui xuống.…
[0018] Dịch Phong (Thái Sơn, t=0.92 s=0.1): Ưm, thơm quá!…
[0019-0022] Narrator (Đức Trí, t=0.8 s=0.15): Hít hà một chút, Dịch Phong không vội ăn ngay, vì món vừa nư…
[0023] Dịch Phong (Thái Sơn, t=0.92 s=0.1): Thêm một bình rượu ngon nữa thì đúng là tuyệt diệu!…
[0024-0028] Narrator (Đức Trí, t=0.8 s=0.15): Dịch Phong lấy hồ lô rượu ra, mọi thứ chuẩn bị xong xuôi, ch…
[0029] Dịch Phong (Thái Sơn, t=0.8 s=0.15): Ngẩng đầu trông trăng sáng, cúi đầu nhớ cố hương!…
[0030] Narrator (Đức Trí, t=0.8 s=0.15): Dịch Phong nâng chén mời trăng, đôi mắt chàng không biết từ …
[0031] Cô nương (Thùy Dung, t=0.9 s=0.12): Công tử không chỉ làm thơ hay, xem ra còn là người có nhiều …
[0032-0034] Narrator (Đức Trí, t=0.8 s=0.15): Ngoài đình viện, hai bóng hình xinh đẹp xuất hiện, cất tiếng…
[0035] Dịch Phong (Thái Sơn, t=0.8 s=0.15): Thì ra là hai vị cô nương, thật thất lễ.…
[0036] Narrator (Đức Trí, t=0.8 s=0.15): Dịch Phong vội thở dài, đồng thời mời hai nàng đến bên đống …
[0037] Dịch Phong (Thái Sơn, t=0.8 s=0.15): Không làm phiền hai vị mới phải, vốn ta định sửa soạn chút đ…
[0038] Narrator (Đức Trí, t=0.8 s=0.15): Nữ tử áo trắng nhìn Dịch Phong một lát. Chẳng hiểu vì sao, đ…
render log -> output/render-20260914.jsonl | calls: vieneu-local×26
voices done: 1 ok [36] | 0 failed []
saved 6238 chars -> data/chapters/ch39.txt
digest via opencode (opencode/muse-spark-1.3-contributor-free)
[render] chapter 37 (isolated process)
Warning: You are sending unauthenticated requests to the HF Hub. Please set a HF_TOKEN to enable higher rate limits and faster downloads.
[merge] chapter 36
gap 300ms x26 speech turns
ambience [0-88s] mao-mansion-room -> fire-crackle.mp3
ambience [88-323s] mountain-campsite-night -> night-crickets.mp3
speed 1.25x -> output/.ch36-merge-ambx1.25.wav
done -> output/.ch36-merge-ambx1.25.wav + output/.ch36-merge-ambx1.25.mp3
[merge] done -> output/Ch.36 - Ngẩng đầu nhìn trăng sáng, cúi đầu nhớ cố hương a.mp3
   bible alias 'Mao Hội trưởng' -> Mao Lâm [39]
segments=76 roster=['Narrator', 'Bạch Phiêu Phiêu', 'Mậu Mậu', 'Dịch Phong', 'Quản gia', 'Mao Lâm'] -> data/script-39.json
[prep] chapter 40
===== voices chapter 37 =====
73 segments -> 48 local calls (runs batched)
[0000] Dịch Phong (Thái Sơn, t=0.8 s=0.15): Tại hạ Dịch Phong, xin hỏi hai vị tiểu thư quý danh?…
[0001] Narrator (Đức Trí, t=0.8 s=0.15): Dịch Phong lễ phép hỏi.…
[0002-0003] Bạch Phiêu Phiêu (Thục Đoan, t=0.8 s=0.15): Bạch Phiêu Phiêu.…
[0004] Narrator (Đức Trí, t=0.8 s=0.15): Nữ tử áo trắng nói khẽ.…
[0005-0006] Dịch Phong (Thái Sơn, t=0.8 s=0.15): Chào Bạch cô nương, Mậu Mậu cô nương.…
[0007] Narrator (Đức Trí, t=0.8 s=0.15): Dịch Phong gật đầu, sau đó lấy từ trong bọc lá sen ra, tách …
[0008] Mậu Mậu (Ngọc Trân, t=0.9 s=0.12): Này, cái món của ngươi đầy mỡ thế này, lại còn trông bẩn bẩn…
[0009] Narrator (Đức Trí, t=0.8 s=0.15): Mậu Mậu nhíu mày nói.…
[0010] Bạch Phiêu Phiêu (Thục Đoan, t=0.8 s=0.15): Mậu Mậu, không được vô lễ!…
[0011] Narrator (Đức Trí, t=0.8 s=0.15): Bạch Phiêu Phiêu nhẹ nhàng quở trách, sau đó áy náy nhìn Dịc…
[0012] Bạch Phiêu Phiêu (Thục Đoan, t=0.8 s=0.15): Nếu là Dịch công tử tự tay làm, vậy Phiêu Phiêu xin cảm tạ c…
[0013-0015] Narrator (Đức Trí, t=0.8 s=0.15): Dứt lời, nàng dùng bàn tay ngọc ngà tiếp nhận miếng thịt gà …
[0016] Bạch Phiêu Phiêu (Thục Đoan, t=0.9 s=0.1): Món ăn này của công tử, thật mỹ vị.…
[0017-0018] Narrator (Đức Trí, t=0.8 s=0.15): Nàng không kìm được mà tán thán.…
[0019] Mậu Mậu (Ngọc Trân, t=0.9 s=0.1): Tiểu thư, thật sự ngon đến vậy sao?…
[0020-0022] Narrator (Đức Trí, t=0.8 s=0.15): Mậu Mậu có chút không tin.…
[0023] Mậu Mậu (Ngọc Trân, t=0.92 s=0.1): Ôi, thật sự ngon quá đi mất!…
[0024] Narrator (Đức Trí, t=0.8 s=0.15): Mậu Mậu là một nha đầu lanh lợi, khi vị ngon chạm đến đầu lư…
[0025] Dịch Phong (Thái Sơn, t=0.8 s=0.15): Quá khen rồi.…
[0026-0040] Narrator (Đức Trí, t=0.8 s=0.15): Dịch Phong bình thản gật đầu.…
[0041] Bạch Phiêu Phiêu (Thục Đoan, t=0.9 s=0.12): Công tử cảm thấy ta thế nào?…
[0042] Dịch Phong (Thái Sơn, t=0.8 s=0.15): Huệ chất lan tâm, ôn nhu đôn hậu.…
[0043-0044] Narrator (Đức Trí, t=0.8 s=0.15): Dịch Phong cười nói.…
[0045] Bạch Phiêu Phiêu (Thục Đoan, t=0.9 s=0.12): Ngươi biết ta hỏi không phải cái này...…
[0046] Narrator (Đức Trí, t=0.8 s=0.15): Dịch Phong lắc đầu bất đắc dĩ, nói:…
[0047] Dịch Phong (Thái Sơn, t=0.8 s=0.15): Đẹp như tiên nữ, khuynh quốc khuynh thành.…
[0048] Narrator (Đức Trí, t=0.8 s=0.15): Bạch Phiêu Phiêu che miệng cười.…
[0049] Bạch Phiêu Phiêu (Thục Đoan, t=0.9 s=0.12): Vậy công tử có thích không?…
[0050] Narrator (Đức Trí, t=0.8 s=0.15): Khi hỏi ra những lời này, con ngươi Bạch Phiêu Phiêu khẽ co …
[0051] Dịch Phong (Thái Sơn, t=0.8 s=0.15): Thích.…
[0052-0053] Narrator (Đức Trí, t=0.8 s=0.15): Dịch Phong thành thật gật đầu.…
[0054] Bạch Phiêu Phiêu (Thục Đoan, t=0.9 s=0.1): Vì sao?…
[0055] Dịch Phong (Thái Sơn, t=0.8 s=0.15): Thục nữ hiền lương, quân tử hảo cầu.…
[0056] Narrator (Đức Trí, t=0.8 s=0.15): Dịch Phong uống một hớp rượu, thẳng thắn đáp.…
[0057] Bạch Phiêu Phiêu (Thục Đoan, t=0.92 s=0.1): Hay thay câu 'Thục nữ hiền lương, quân tử hảo cầu'!…
[0058-0059] Narrator (Đức Trí, t=0.8 s=0.15): Bạch Phiêu Phiêu không kìm được mà tán thưởng, trong lòng nà…
[0060] Bạch Phiêu Phiêu (Thục Đoan, t=0.8 s=0.15): Chỉ là ta không hiểu...…
[0061] Dịch Phong (Thái Sơn, t=0.8 s=0.15): Cái gì?…
[0062] Bạch Phiêu Phiêu (Thục Đoan, t=0.9 s=0.12): Công tử đã thích ta, nhưng vì sao không nhìn ta thêm một chú…
[0063] Narrator (Đức Trí, t=0.8 s=0.15): Bạch Phiêu Phiêu khẽ nhếch khóe miệng, hỏi:…
[0064] Bạch Phiêu Phiêu (Thục Đoan, t=0.9 s=0.12): Chẳng lẽ công tử vừa rồi đang nói dối?…
[0065] Narrator (Đức Trí, t=0.8 s=0.15): Dịch Phong bất đắc dĩ lắc đầu.…
[0066-0067] Dịch Phong (Thái Sơn, t=0.8 s=0.15): Vậy cũng chỉ là ta thích, cô nương cũng đâu phải là người củ…
[0068] Bạch Phiêu Phiêu (Thục Đoan, t=0.9 s=0.1): Cái gì?…
[0069] Dịch Phong (Thái Sơn, t=0.8 s=0.15): Phi lễ chớ nhìn.…
[0070] Bạch Phiêu Phiêu (Thục Đoan, t=0.92 s=0.1): Công tử thật khiến ta phải nhìn bằng con mắt khác, những lời…
[0071] Narrator (Đức Trí, t=0.8 s=0.15): Bạch Phiêu Phiêu không kìm được mà đứng dậy, khẽ khom người …
[0072] Bạch Phiêu Phiêu (Thục Đoan, t=0.8 s=0.15): Không thể không nói, tiểu nữ đã học được rất nhiều điều từ c…
render log -> output/render-20260914.jsonl | calls: vieneu-local×48
voices done: 1 ok [37] | 0 failed []
saved 4193 chars -> data/chapters/ch40.txt
digest via opencode (opencode/muse-spark-1.3-contributor-free)
[render] chapter 38 (isolated process)
Warning: You are sending unauthenticated requests to the HF Hub. Please set a HF_TOKEN to enable higher rate limits and faster downloads.
[merge] chapter 37
gap 300ms x48 speech turns
ambience [0-313s] roadside-shared-meal -> market-crowd.mp3
speed 1.25x -> output/.ch37-merge-ambx1.25.wav
done -> output/.ch37-merge-ambx1.25.wav + output/.ch37-merge-ambx1.25.mp3
[merge] done -> output/Ch.37 - Tốt một câu thon thả thục nữ, quân tử hảo cầu.mp3
segments=54 roster=['Dịch Phong', 'Mao Lâm', 'Narrator'] -> data/script-40.json
[prep] chapter 42
===== voices chapter 38 =====
57 segments -> 30 local calls (runs batched)
[0000-0001] Narrator (Đức Trí, t=0.8 s=0.15): Những lời tán dương liên tiếp vang lên, khiến hắn cũng vui v…
[0002] Bạch Phiêu Phiêu (Thục Đoan, t=0.9 s=0.12): Được tiếp xúc với công tử thật sự rất dễ chịu.…
[0003-0005] Narrator (Đức Trí, t=0.9 s=0.1): Dịch Phong chỉ cười cười. Trong lúc trò chuyện, Bạch Phiêu P…
[0006] Bạch Phiêu Phiêu (Thục Đoan, t=0.8 s=0.15): Nghe công tử vừa ngâm thơ, hẳn công tử không phải người địa …
[0007] Dịch Phong (Thái Sơn, t=0.8 s=0.15): Đúng vậy, ta không phải.…
[0008] Narrator (Đức Trí, t=0.8 s=0.15): Nhắc đến chuyện này, Dịch Phong không khỏi thở dài một tiếng…
[0009-0010] Bạch Phiêu Phiêu (Thục Đoan, t=0.8 s=0.15): Quả nhiên là vậy.…
[0011] Narrator (Đức Trí, t=0.8 s=0.15): Bạch Phiêu Phiêu nhìn Dịch Phong với dáng vẻ hơi suy tư, tro…
[0012] Bạch Phiêu Phiêu (Thục Đoan, t=0.8 s=0.15): Câu chuyện của công tử, có nguyện ý kể cho Phiêu Phiêu nghe …
[0013] Dịch Phong (Thái Sơn, t=0.8 s=0.15): Không nguyện ý.…
[0014] Bạch Phiêu Phiêu (Thục Đoan, t=0.9 s=0.1): Ấy...…
[0015-0019] Narrator (Đức Trí, t=0.8 s=0.15): Bạch Phiêu Phiêu khẽ mấp máy môi. Nàng chưa từng bị ai từ ch…
[0020] Bạch Phiêu Phiêu (Thục Đoan, t=0.8 s=0.15): Là Phiêu Phiêu đường đột rồi. Công tử cứ ngồi lại, ta sẽ khô…
[0021-0023] Narrator (Đức Trí, t=0.8 s=0.15): Bạch Phiêu Phiêu khẽ nói, rồi cùng Mậu Mậu đứng dậy rời đi.…
[0024] Bạch Phiêu Phiêu (Thục Đoan, t=0.9 s=0.1): À phải rồi, công tử có đọc sách không?…
[0025-0026] Dịch Phong (Thái Sơn, t=0.9 s=0.1): Sách ư?…
[0027] Narrator (Đức Trí, t=0.8 s=0.15): Dịch Phong áy náy lắc đầu.…
[0028] Bạch Phiêu Phiêu (Thục Đoan, t=0.9 s=0.1): Ồ, vậy sao!…
[0029-0037] Narrator (Đức Trí, t=0.85 s=0.22): Bạch Phiêu Phiêu gật đầu, đây là lần đầu tiên ánh mắt nàng n…
[0038] Bạch Phiêu Phiêu (Thục Đoan, t=0.8 s=0.15): Công tử nếu lần sau lên núi mà không có chỗ nghỉ, vẫn có thể…
[0039] Narrator (Đức Trí, t=0.8 s=0.15): Lúc cáo biệt, Bạch Phiêu Phiêu đã suy nghĩ kỹ càng rồi mới n…
[0040] Dịch Phong (Thái Sơn, t=0.8 s=0.15): Đa tạ Phiêu Phiêu cô nương.…
[0041] Narrator (Đức Trí, t=0.8 s=0.15): Dịch Phong gật đầu với hai nàng, rồi đeo giỏ trúc trên lưng,…
[0042] Mậu Mậu (Ngọc Trân, t=0.9 s=0.1): Tiểu thư, sao người còn muốn hắn tới vậy?…
[0043-0049] Narrator (Đức Trí, t=0.9 s=0.12): Bên cạnh, Mậu Mậu khó hiểu hỏi.…
[0050] Mậu Mậu (Ngọc Trân, t=0.9 s=0.12): Thôi được, nhưng hắn tới cũng tốt, cá tối qua ăn ngon thật đ…
[0051] Narrator (Đức Trí, t=0.9 s=0.12): Mậu Mậu cười nghịch ngợm, lại thèm thuồng món ăn ngon miệng …
[0052] Bạch Phiêu Phiêu (Thục Đoan, t=0.8 s=0.15): Được rồi, mau đi dọn dẹp căn phòng hắn đã ở đi!…
[0053-0055] Narrator (Đức Trí, t=0.9 s=0.12): Bạch Phiêu Phiêu tức giận nói.…
[0056] Mậu Mậu (Ngọc Trân, t=0.92 s=0.1): Tiểu thư, tiểu thư, mau đến xem này!…
render log -> output/render-20260914.jsonl | calls: vieneu-local×30
voices done: 1 ok [38] | 0 failed []
saved 5675 chars -> data/chapters/ch42.txt
digest via opencode (opencode/muse-spark-1.3-contributor-free)
[render] chapter 39 (isolated process)
Warning: You are sending unauthenticated requests to the HF Hub. Please set a HF_TOKEN to enable higher rate limits and faster downloads.
[merge] chapter 38
gap 300ms x30 speech turns
ambience [0-191s] terrace-night-chat -> night-crickets.mp3
ambience [192-278s] house-morning-farewell -> fire-crackle.mp3
speed 1.25x -> output/.ch38-merge-ambx1.25.wav
done -> output/.ch38-merge-ambx1.25.wav + output/.ch38-merge-ambx1.25.mp3
[merge] done -> output/Ch.38 - Chỉ tiếc, hắn không đọc sách.mp3
===== voices chapter 39 =====
76 segments -> 53 local calls (runs batched)
[0000] Bạch Phiêu Phiêu (Thục Đoan, t=0.9 s=0.1): Có chuyện gì vậy?…
[0001] Narrator (Đức Trí, t=0.8 s=0.15): Bạch Phiêu Phiêu đứng dậy, khẽ nhíu mày.…
[0002] Mậu Mậu (Ngọc Trân, t=0.92 s=0.08): Tiểu thư, người mau đến xem đi, tên phàm nhân đáng ghét kia …
[0003] Narrator (Đức Trí, t=0.8 s=0.15): Mậu Mậu kêu lớn.…
[0004] Bạch Phiêu Phiêu (Thục Đoan, t=0.9 s=0.1): Cái gì?…
[0005-0009] Narrator (Đức Trí, t=0.8 s=0.15): Sắc mặt Bạch Phiêu Phiêu trở nên lạnh lẽo, một luồng khí thế…
[0010] Bạch Phiêu Phiêu (Thục Đoan, t=0.8 s=0.15): Không đúng.…
[0011] Narrator (Đức Trí, t=0.8 s=0.15): Nhưng ngay khoảnh khắc sau đó, nàng liền nhận ra điều bất th…
[0012] Mậu Mậu (Ngọc Trân, t=0.9 s=0.1): A tiểu thư, hai cuốn Hồng Lâu Mộng, chuyện này là sao?…
[0013] Narrator (Đức Trí, t=0.8 s=0.15): Mậu Mậu nhìn cuốn Hồng Lâu Mộng khác trong tay Bạch Phiêu Ph…
[0014] Bạch Phiêu Phiêu (Thục Đoan, t=0.8 s=0.15): Chúng ta đã hiểu lầm Dịch công tử rồi.…
[0015] Narrator (Đức Trí, t=0.8 s=0.15): Bạch Phiêu Phiêu thu lại vẻ lạnh lùng trên mặt, cầm hai cuốn…
[0016] Bạch Phiêu Phiêu (Thục Đoan, t=0.8 s=0.15): Có vẻ như cuốn Hồng Lâu Mộng này là của Dịch công tử để lại.…
[0017] Narrator (Đức Trí, t=0.8 s=0.15): Bạch Phiêu Phiêu nói với giọng hơi kinh ngạc:…
[0018] Bạch Phiêu Phiêu (Thục Đoan, t=0.9 s=0.1): Hóa ra Dịch công tử cũng thích cuốn sách này.…
[0019] Mậu Mậu (Ngọc Trân, t=0.9 s=0.1): Thế nhưng, tối hôm qua hắn không phải nói mình không đọc sác…
[0020-0021] Narrator (Đức Trí, t=0.8 s=0.15): Mậu Mậu nghi hoặc hỏi.…
[0022] Bạch Phiêu Phiêu (Thục Đoan, t=0.8 s=0.15): Có lẽ, Dịch công tử có điều gì khó nói chăng!…
[0023] Mậu Mậu (Ngọc Trân, t=0.8 s=0.15): Ồ.…
[0024] Narrator (Đức Trí, t=0.8 s=0.15): Mậu Mậu gật đầu một cái.…
[0025] Bạch Phiêu Phiêu (Thục Đoan, t=0.8 s=0.15): Không ngờ Dịch công tử, tuy là một phàm nhân, lại có nhiều đ…
[0026] Narrator (Đức Trí, t=0.8 s=0.15): Nàng nhẹ nhàng vuốt ve hai cuốn sách, trong lòng nhớ lại ngư…
[0027] Bạch Phiêu Phiêu (Thục Đoan, t=0.8 s=0.15): Mậu Mậu, hãy cất giữ cuốn Hồng Lâu Mộng của công tử cẩn thận…
[0028] Mậu Mậu (Ngọc Trân, t=0.8 s=0.15): Vâng.…
[0029] Narrator (Đức Trí, t=0.8 s=0.15): Mậu Mậu vội vàng nhận lấy cuốn Hồng Lâu Mộng, rồi nhìn Bạch …
[0030] Mậu Mậu (Ngọc Trân, t=0.88 s=0.1): Tiểu thư, nhìn dáng vẻ người thế này, sẽ không thật sự có ý …
[0031] Narrator (Đức Trí, t=0.8 s=0.15): Bạch Phiêu Phiêu lắc đầu cười khổ.…
[0032-0033] Bạch Phiêu Phiêu (Thục Đoan, t=0.8 s=0.15): Làm sao có thể chứ?…
[0034] Mậu Mậu (Ngọc Trân, t=0.8 s=0.15): Ồ, vậy cũng được!…
[0035] Narrator (Đức Trí, t=0.8 s=0.15): Mậu Mậu gật đầu. Nàng cũng không hiểu rõ tiểu thư của mình, …
[0036] Mậu Mậu (Ngọc Trân, t=0.92 s=0.08): Vậy ta sẽ nhanh chóng phái người đi tìm vị danh nhân mà ngườ…
[0037-0042] Narrator (Đức Trí, t=0.8 s=0.15): Đường núi gập ghềnh.…
[0043] Quản gia (Quang Sơn, t=0.8 s=0.15): Dịch tiên sinh có ở đây không?…
[0044-0047] Narrator (Đức Trí, t=0.8 s=0.15): Nhưng vừa mới ngồi xuống, bên ngoài cửa đã có tiếng gọi.…
[0048] Dịch Phong (Thái Sơn, t=0.8 s=0.15): Ồ, là các ngươi à, lại có chuyện gì sao?…
[0049] Narrator (Đức Trí, t=0.8 s=0.15): Dịch Phong hỏi, vẻ mặt lộ rõ sự mệt mỏi.…
[0050] Quản gia (Quang Sơn, t=0.8 s=0.15): Dịch tiên sinh, lần này chúng tôi đến là để gửi tiền chia lợ…
[0051] Narrator (Đức Trí, t=0.8 s=0.15): Quản gia cung kính nói, sau đó từ trong ngực lấy ra một chiế…
[0052] Quản gia (Quang Sơn, t=0.8 s=0.15): Tiên sinh, bên trong là mười vạn kim tệ lợi nhuận của tháng …
[0053] Narrator (Đức Trí, t=0.8 s=0.15): Dù trong lòng Dịch Phong biết hai người này đến hẳn là để bà…
[0054] Dịch Phong (Thái Sơn, t=0.9 s=0.1): Ngươi nói bao nhiêu? Mười vạn?…
[0055-0063] Narrator (Đức Trí, t=0.8 s=0.15): Nghe Dịch Phong hỏi lại, quản gia gật đầu, nhưng trong lòng …
[0064] Mao Lâm (Minh Triết, t=0.8 s=0.15): Dịch sư phụ.…
[0065] Narrator (Đức Trí, t=0.8 s=0.15): Nhìn lại, hắn thấy Mao Lâm của Bình Giang Thương Hội đang dẫ…
[0066] Dịch Phong (Thái Sơn, t=0.8 s=0.15): Mao Hội trưởng.…
[0067] Narrator (Đức Trí, t=0.8 s=0.15): Dịch Phong khẽ nhíu mày, nhưng vẫn giữ phép lịch sự gật đầu:…
[0068] Dịch Phong (Thái Sơn, t=0.8 s=0.15): Không biết Mao Hội trưởng tìm ta có chuyện gì?…
[0069] Mao Lâm (Minh Triết, t=0.8 s=0.15): Khụ khụ.…
[0070] Narrator (Đức Trí, t=0.8 s=0.15): Mao Lâm lúng túng ho khan hai tiếng, sau đó cười rạng rỡ nói…
[0071] Mao Lâm (Minh Triết, t=0.8 s=0.15): Dịch sư phụ, thực không dám giấu giếm, lần này tôi đến là mu…
[0072-0073] Narrator (Đức Trí, t=0.8 s=0.15): Nói xong, ông ta vung tay.…
[0074] Mao Lâm (Minh Triết, t=0.88 s=0.12): Một nghìn kim tệ nhỏ mọn này, xin Dịch công tử vui lòng nhận…
[0075] Narrator (Đức Trí, t=0.8 s=0.15): Mao Lâm phất tay, cười nói với vẻ hào sảng, đồng thời nhìn D…
render log -> output/render-20260914.jsonl | calls: vieneu-local×53
voices done: 1 ok [39] | 0 failed []
[render] chapter 40 (isolated process)
Warning: You are sending unauthenticated requests to the HF Hub. Please set a HF_TOKEN to enable higher rate limits and faster downloads.
[merge] chapter 39
gap 300ms x53 speech turns
ambience [0-183s] boudoir-morning -> dry
ambience [183-431s] mountain-trail-days -> mountain-wind.mp3
speed 1.25x -> output/.ch39-merge-ambx1.25.wav
done -> output/.ch39-merge-ambx1.25.wav + output/.ch39-merge-ambx1.25.mp3
[merge] done -> output/Ch.39 - Nguyên lai Dịch công tử cũng nhìn bản này lấy làm.mp3
   bible +Yêu Linh Nhi (adult female, sultry confident tone with sharp lethal edge) [42]
   bible +Vô Trần (adult male, weak sickly tone with quiet obedient efficiency) [42]
   bible alias 'Ninh Huyền Vũ' -> Huyền Vũ lão tổ [42]
   bible alias 'Lục Thanh Sơn' -> Thanh Sơn lão tổ [42]
segments=75 roster=['Narrator', 'Mọi người', 'Huyền Vũ lão tổ', 'Yêu Linh Nhi', 'Vũ Kiệt', 'Vô Trần'] -> data/script-42.json
[prep] chapter 43
===== voices chapter 40 =====
54 segments -> 50 local calls (runs batched)
[0000] Narrator (Đức Trí, t=0.8 s=0.15): Dịch Phong nhíu mày, ánh mắt đầy thâm ý nhìn về phía Mao Lâm…
[0001] Mao Lâm (Minh Triết, t=0.88 s=0.12): Ôi chao, Dịch tiên sinh đừng khách sáo.…
[0002] Narrator (Đức Trí, t=0.8 s=0.15): Thấy Dịch Phong có vẻ như bị dọa, Mao Lâm hơi ưỡn ngực nói:…
[0003] Mao Lâm (Minh Triết, t=0.88 s=0.12): Tuy một ngàn kim tệ quả thật là rất nhiều, nhưng ngươi cũng …
[0004-0005] Narrator (Đức Trí, t=0.8 s=0.15): Nghe vậy,…
[0006] Dịch Phong (Thái Sơn, t=0.8 s=0.15): Mao hội trưởng cứ nói thẳng chuyện gì đi!…
[0007] Mao Lâm (Minh Triết, t=0.8 s=0.15): Khụ khụ, vậy ta nói thẳng vậy.…
[0008] Narrator (Đức Trí, t=0.8 s=0.15): Hắng giọng một cái, Mao Lâm cười híp mắt nói:…
[0009] Mao Lâm (Minh Triết, t=0.88 s=0.12): Từ hôm đó ngươi đi rồi, ta suy đi nghĩ lại, bây giờ chính là…
[0010-0011] Narrator (Đức Trí, t=0.8 s=0.15): Ánh mắt Dịch Phong hơi động đậy.…
[0012] Dịch Phong (Thái Sơn, t=0.8 s=0.15): Mao hội trưởng nói vậy thì sai rồi. Ngày đó ngài đích thân n…
[0013] Narrator (Đức Trí, t=0.8 s=0.15): Mao Lâm bị Dịch Phong nói cho mặt đỏ tía tai vì ngượng, vội …
[0014] Mao Lâm (Minh Triết, t=0.92 s=0.08): Ngươi xem, ngày đó ta chẳng qua là lỡ lời thôi mà, Dịch sư p…
[0015] Dịch Phong (Thái Sơn, t=0.8 s=0.15): Không, ta chính là để lời nói của Mao hội trưởng trong lòng.…
[0016] Narrator (Đức Trí, t=0.8 s=0.15): Dịch Phong ánh mắt lóe lên, thẳng thắn không chút kiêng dè:…
[0017] Dịch Phong (Thái Sơn, t=0.8 s=0.15): Hơn nữa, ta Dịch Phong, chính là một kẻ nhỏ nhen.…
[0018] Mao Lâm (Minh Triết, t=0.9 s=0.18): Ngươi...…
[0019] Narrator (Đức Trí, t=0.8 s=0.15): Lời nói của Dịch Phong khiến Mao Lâm tức đến tái mặt, ông ta…
[0020] Mao Lâm (Minh Triết, t=0.9 s=0.18): Ngươi đây là ý gì? Thật sự cho rằng thương hội của chúng ta …
[0021] Dịch Phong (Thái Sơn, t=0.8 s=0.15): Nếu quý thương hội cũng không phải là không có ta thì không …
[0022] Narrator (Đức Trí, t=0.8 s=0.15): Dịch Phong cười lạnh một tiếng, quay người bỏ đi, phất tay n…
[0023] Dịch Phong (Thái Sơn, t=0.8 s=0.15): Vậy mời các ngươi về đi!…
[0024] Mao Lâm (Minh Triết, t=0.92 s=0.08): Đừng! Đừng! Đừng!…
[0025] Narrator (Đức Trí, t=0.8 s=0.15): Câu nói của Dịch Phong quả thực khiến Mao Lâm đau thấu tim g…
[0026] Dịch Phong (Thái Sơn, t=0.8 s=0.15): Sao vậy, Mao hội trưởng, còn do dự gì nữa, ngươi còn định là…
[0027-0028] Narrator (Đức Trí, t=0.8 s=0.15): Dịch Phong nghiêng đầu lạnh lùng hỏi.…
[0029] Mao Lâm (Minh Triết, t=0.8 s=0.15): Thế này đi, ngươi cứ nói thẳng một cái giá, làm thế nào mới …
[0030] Dịch Phong (Thái Sơn, t=0.8 s=0.15): Không hứng thú.…
[0031] Narrator (Đức Trí, t=0.8 s=0.15): Dịch Phong dứt khoát từ chối.…
[0032] Mao Lâm (Minh Triết, t=0.92 s=0.1): Hai nghìn kim tệ?…
[0033] Narrator (Đức Trí, t=0.8 s=0.15): Dịch Phong không nói gì.…
[0034] Mao Lâm (Minh Triết, t=0.92 s=0.1): Ba nghìn kim tệ?…
[0035] Narrator (Đức Trí, t=0.8 s=0.15): Dịch Phong vẫn như cũ không nói gì.…
[0036] Mao Lâm (Minh Triết, t=0.92 s=0.1): Một vạn kim tệ?…
[0037] Narrator (Đức Trí, t=0.8 s=0.15): Cuối cùng, Mao Lâm cắn răng một cái, đưa ra một con số lớn.…
[0038] Dịch Phong (Thái Sơn, t=0.8 s=0.15): Mao hội trưởng, trên đời này không có thuốc hối hận để mà uố…
[0039] Narrator (Đức Trí, t=0.8 s=0.15): Dịch Phong lười biếng không muốn dây dưa với Mao Lâm nữa, th…
[0040] Dịch Phong (Thái Sơn, t=0.8 s=0.15): Hơn nữa, ta Dịch Phong là một kẻ nhỏ nhen, lời sỉ nhục của n…
[0041] Mao Lâm (Minh Triết, t=0.9 s=0.18): Được, ngày đó đúng là ta không phải, ngươi ghi thù ta, ta có…
[0042] Narrator (Đức Trí, t=0.8 s=0.15): Mao Lâm không ngờ Dịch Phong lại khó đối phó đến thế, sắc mặ…
[0043] Mao Lâm (Minh Triết, t=0.9 s=0.18): Nhưng ngươi không đến mức lại từ chối tiền bạc chứ? Đây chín…
[0044] Narrator (Đức Trí, t=0.8 s=0.15): Nói đến đây, ánh mắt ông ta nheo lại, nói tiếp:…
[0045] Mao Lâm (Minh Triết, t=0.8 s=0.15): Chẳng lẽ ngươi không sợ tham lam quá độ mà tự chuốc lấy họa …
[0046-0047] Narrator (Đức Trí, t=0.8 s=0.15): Lời nói của Mao Lâm khiến Dịch Phong bật cười.…
[0048] Dịch Phong (Thái Sơn, t=0.9 s=0.12): Một vạn kim tệ thì có nhiều lắm sao?…
[0049] Mao Lâm (Minh Triết, t=0.9 s=0.18): Thằng nhóc ranh này, ngươi khẩu khí thật lớn!…
[0050] Narrator (Đức Trí, t=0.8 s=0.15): Mao Lâm mặt trầm xuống, giận dữ nói:…
[0051] Mao Lâm (Minh Triết, t=0.9 s=0.18): Đừng nói một vạn kim tệ, cho dù năm trăm kim tệ ngươi cũng c…
[0052] Dịch Phong (Thái Sơn, t=0.9 s=0.12): Thật sao?…
[0053] Narrator (Đức Trí, t=0.8 s=0.15): Dịch Phong nhếch khóe miệng.…
render log -> output/render-20260914.jsonl | calls: vieneu-local×50
voices done: 1 ok [40] | 0 failed []
saved 4699 chars -> data/chapters/ch43.txt
digest via opencode (opencode/muse-spark-1.3-contributor-free)
[render] chapter 42 (isolated process)
Warning: You are sending unauthenticated requests to the HF Hub. Please set a HF_TOKEN to enable higher rate limits and faster downloads.
[merge] chapter 40
gap 300ms x50 speech turns
ambience [0-265s] shop-front-day -> fire-crackle.mp3
speed 1.25x -> output/.ch40-merge-ambx1.25.wav
done -> output/.ch40-merge-ambx1.25.wav + output/.ch40-merge-ambx1.25.mp3
[merge] done -> output/Ch.40 - Một vạn kim tệ rất nhiều sao?.mp3
===== voices chapter 42 =====
75 segments -> 52 local calls (runs batched)
[0000-0003] Narrator (Đức Trí, t=0.92 s=0.1): Chương 42: Huyền Vũ tông động tác…
[0004-0005] Mọi người (Đức Trí, t=0.8 s=0.15): Kính chào Tông chủ.…
[0006-0012] Narrator (Đức Trí, t=0.8 s=0.15): Nam tử tóc trắng vẫn giữ vẻ mặt vô cảm, chầm chậm ngồi xuống…
[0013] Huyền Vũ lão tổ (Quang Sơn, t=0.8 s=0.15): Điều tra tới đâu rồi?…
[0014-0016] Narrator (Đức Trí, t=0.9 s=0.18): Cuối cùng, ánh mắt uy nghiêm của Ninh Huyền Vũ lướt qua, một…
[0017] Huyền Vũ lão tổ (Quang Sơn, t=0.9 s=0.18): Ta hỏi các ngươi, điều tra tới đâu rồi? Ai có thể nói cho ta…
[0018] Narrator (Đức Trí, t=0.8 s=0.15): Lúc này, một nữ tử thân hình nóng bỏng, ăn mặc hở hang, tay …
[0019] Yêu Linh Nhi (Mỹ Duyên, t=0.8 s=0.15): Sư tôn, đệ tử đã bắt được một đệ tử thân truyền của Thanh Sơ…
[0020-0021] Narrator (Đức Trí, t=0.8 s=0.15): Nàng là Yêu Linh Nhi, đệ tử thân truyền của Ninh Huyền Vũ. N…
[0022] Huyền Vũ lão tổ (Quang Sơn, t=0.8 s=0.15): Dẫn hắn lên đây.…
[0023] Narrator (Đức Trí, t=0.8 s=0.15): Ninh Huyền Vũ phất tay.…
[0024] Yêu Linh Nhi (Mỹ Duyên, t=0.8 s=0.15): Vâng.…
[0025] Narrator (Đức Trí, t=0.8 s=0.15): Yêu Linh Nhi lướt đi như tia chớp khỏi đại điện, khi xuất hi…
[0026] Vũ Kiệt (Adam, t=0.9 s=0.18): Thả ta ra, mau thả ta ra!…
[0027] Narrator (Đức Trí, t=0.9 s=0.18): Thanh niên áo bào trắng ngạo mạn quát lớn:…
[0028] Vũ Kiệt (Adam, t=0.88 s=0.12): Các ngươi có biết ta là ai không mà dám bắt ta? Ta chính là …
[0029-0030] Narrator (Đức Trí, t=0.9 s=0.1): Bốp!…
[0031] Vũ Kiệt (Adam, t=0.9 s=0.18): Ngươi, ngươi dám đánh ta sao?!…
[0032-0034] Narrator (Đức Trí, t=0.9 s=0.18): Vu Vũ Kiệt lập tức giận dữ. Lớn đến từng này, hắn chưa từng …
[0035] Vũ Kiệt (Adam, t=0.9 s=0.1): Ngươi là ai?…
[0036] Narrator (Đức Trí, t=0.8 s=0.15): Vu Vũ Kiệt hét lên.…
[0037] Huyền Vũ lão tổ (Quang Sơn, t=0.8 s=0.15): Ninh Huyền Vũ.…
[0038] Vũ Kiệt (Adam, t=0.9 s=0.1): Cái gì?…
[0039] Narrator (Đức Trí, t=0.9 s=0.1): Vu Vũ Kiệt chấn kinh. Hắn vạn lần không ngờ, nam tử trước mắ…
[0040] Huyền Vũ lão tổ (Quang Sơn, t=0.8 s=0.15): Ta hỏi ngươi, thanh đao của Lục Thanh Sơn từ đâu mà có?…
[0041] Narrator (Đức Trí, t=0.8 s=0.15): Huyền Vũ lão tổ từ trên cao nhìn xuống, giọng khàn khàn hỏi.…
[0042] Vũ Kiệt (Adam, t=0.88 s=0.12): Tại sao ta phải nói cho ngươi biết?…
[0043-0044] Narrator (Đức Trí, t=0.8 s=0.15): Dù biết rõ đó là Ninh Huyền Vũ, Vu Vũ Kiệt vẫn không chút kh…
[0045] Huyền Vũ lão tổ (Quang Sơn, t=0.8 s=0.15): Ngươi không sợ ta sao?…
[0046] Vũ Kiệt (Adam, t=0.88 s=0.12): Ta việc gì phải sợ ngươi? Chẳng qua ngươi cũng chỉ là bại tư…
[0047] Narrator (Đức Trí, t=0.8 s=0.15): Vu Vũ Kiệt uy hiếp quát.…
[0048] Huyền Vũ lão tổ (Quang Sơn, t=0.8 s=0.15): Rất tốt.…
[0049-0050] Narrator (Đức Trí, t=0.8 s=0.15): Huyền Vũ lão tổ khẽ nói một tiếng.…
[0051] Huyền Vũ lão tổ (Quang Sơn, t=0.8 s=0.15): Ta hỏi ngươi lần nữa, nói hay không?…
[0052] Narrator (Đức Trí, t=0.8 s=0.15): Huyền Vũ lão tổ khàn khàn nói.…
[0053] Vũ Kiệt (Adam, t=0.8 s=0.15): Không nói!…
[0054-0055] Narrator (Đức Trí, t=0.8 s=0.15): Vu Vũ Kiệt không chịu khuất phục nói.…
[0056] Vũ Kiệt (Adam, t=0.92 s=0.08): A, ta sai rồi, ta sai rồi, ta nói đây!…
[0057-0060] Narrator (Đức Trí, t=0.9 s=0.1): Cảm nhận được cái chết thực sự đang cận kề, Vu Vũ Kiệt không…
[0061] Vũ Kiệt (Adam, t=0.8 s=0.15): Khụ khụ khụ.…
[0062] Narrator (Đức Trí, t=0.92 s=0.08): Vu Vũ Kiệt ho khan dồn dập. Thấy Huyền Vũ lão tổ đã mất kiên…
[0063] Vũ Kiệt (Adam, t=0.92 s=0.08): Ta cũng không biết lời ta nói có chính xác hay không, nhưng …
[0064] Huyền Vũ lão tổ (Quang Sơn, t=0.9 s=0.1): Cao nhân ở Bình Giang Thành?…
[0065] Narrator (Đức Trí, t=0.9 s=0.18): Sắc mặt Huyền Vũ lão tổ giận dữ, một cước đạp lên ngực Vu Vũ…
[0066] Huyền Vũ lão tổ (Quang Sơn, t=0.9 s=0.18): Bình Giang Thành làm gì có cao nhân nào?…
[0067] Vũ Kiệt (Adam, t=0.92 s=0.08): Thật mà, ta không dám lừa ngươi! Hơn nữa, sư tôn ta còn nói …
[0068] Narrator (Đức Trí, t=0.8 s=0.15): Vu Vũ Kiệt quát.…
[0069] Huyền Vũ lão tổ (Quang Sơn, t=0.9 s=0.1): Tiểu võ quán?…
[0070-0071] Narrator (Đức Trí, t=0.8 s=0.15): Huyền Vũ lão tổ thấy Vu Vũ Kiệt không giống như đang nói dối…
[0072] Huyền Vũ lão tổ (Quang Sơn, t=0.8 s=0.15): Vô Trần, ngươi hãy đi Bình Giang Thành tìm hiểu một chút.…
[0073] Vô Trần (Thái Sơn, t=0.8 s=0.15): Vâng, Sư tôn.…
[0074] Narrator (Đức Trí, t=0.8 s=0.15): Một thanh niên vóc dáng gầy gò, trên mặt lộ vẻ bệnh tật bước…
render log -> output/render-20260914.jsonl | calls: vieneu-local×52
voices done: 1 ok [42] | 0 failed []
[merge] chapter 42
gap 300ms x52 speech turns
ambience [0-413s] dark-hall-interrogation -> dry + hall
speed 1.25x -> output/.ch42-merge-ambx1.25.wav
done -> output/.ch42-merge-ambx1.25.wav + output/.ch42-merge-ambx1.25.mp3
[merge] done -> output/Ch.42 - Huyền Vũ tông động tác.mp3
   bible alias 'Tịnh Vô Trần' -> Vô Trần [43]
segments=63 roster=['Narrator', 'Huyền Vũ lão tổ', 'Yêu Linh Nhi', 'Nam tử mặc trường bào', 'Vô Trần', 'Quán chủ võ quán', 'Dịch Phong', 'Chung Thanh'] -> data/script-43.json
[prep] chapter 44
saved 4634 chars -> data/chapters/ch44.txt
digest via opencode (opencode/muse-spark-1.3-contributor-free)
[render] chapter 43 (isolated process)
Warning: You are sending unauthenticated requests to the HF Hub. Please set a HF_TOKEN to enable higher rate limits and faster downloads.
===== voices chapter 43 =====
63 segments -> 42 local calls (runs batched)
[0000] Huyền Vũ lão tổ (Quang Sơn, t=0.8 s=0.15): Ngươi hãy trở về Thanh Sơn môn, có bất cứ tin tức gì thì lập…
[0001] Narrator (Đức Trí, t=0.8 s=0.15): Huyền Vũ lão tổ vỗ một chưởng vào ngực Vu Vũ Kiệt. Vu Vũ Kiệ…
[0002] Yêu Linh Nhi (Mỹ Duyên, t=0.92 s=0.08): Sư tôn, để Vô Trần sư huynh một mình đi như vậy, liệu có ổn …
[0003] Narrator (Đức Trí, t=0.8 s=0.15): Yêu Linh Nhi nhìn Huyền Vũ lão tổ đang nhíu mày ở phía trên,…
[0004] Huyền Vũ lão tổ (Quang Sơn, t=0.8 s=0.15): Không sao đâu.…
[0005] Narrator (Đức Trí, t=0.8 s=0.15): Huyền Vũ lão tổ xua tay nói.…
[0006] Yêu Linh Nhi (Mỹ Duyên, t=0.92 s=0.08): Chẳng lẽ không sợ Vô Trần sư huynh gặp phải nguy hiểm gì sao…
[0007] Narrator (Đức Trí, t=0.8 s=0.15): Yêu Linh Nhi nhíu mày hỏi.…
[0008] Nam tử mặc trường bào (Minh Triết, t=0.8 s=0.15): Sư muội, muội cứ yên tâm đi!…
[0009] Narrator (Đức Trí, t=0.8 s=0.15): Lúc này, một nam tử mặc trường bào đi đến, nói:…
[0010] Nam tử mặc trường bào (Minh Triết, t=0.88 s=0.12): Ta thấy vị cao nhân ở Bình Giang thành kia, chẳng qua là thủ…
[0011] Yêu Linh Nhi (Mỹ Duyên, t=0.8 s=0.15): Thế nhưng. . .…
[0012] Narrator (Đức Trí, t=0.8 s=0.15): Yêu Linh Nhi dường như vẫn còn chút lo lắng, ánh mắt hướng v…
[0013] Huyền Vũ lão tổ (Quang Sơn, t=0.8 s=0.15): Không cần phải lo lắng nhiều đến thế.…
[0014] Narrator (Đức Trí, t=0.8 s=0.15): Huyền Vũ lão tổ nói:…
[0015] Huyền Vũ lão tổ (Quang Sơn, t=0.8 s=0.15): Vô Trần có Chấn Thiên Thạch của ta trong tay. Dù có bất cứ b…
[0016-0024] Narrator (Đức Trí, t=0.8 s=0.15): Nghe vậy, Yêu Linh Nhi thở phào nhẹ nhõm.…
[0025] Vô Trần (Thái Sơn, t=0.8 s=0.15): Nói đi, ngươi có quan hệ gì với Thanh Sơn môn?…
[0026] Quán chủ võ quán (Adam, t=0.92 s=0.08): Ta, ta ta ta, ta thật sự không có quan hệ gì với Thanh Sơn m…
[0027] Narrator (Đức Trí, t=0.8 s=0.15): Thế nhưng, lời hắn còn chưa dứt, một đạo hàn quang đã xẹt qu…
[0028] Vô Trần (Thái Sơn, t=0.8 s=0.15): Thật là vô vị!…
[0029-0030] Narrator (Đức Trí, t=0.8 s=0.15): Gương mặt yêu dị lóe lên vẻ thiếu kiên nhẫn. Hắn liếm lưỡi d…
[0031] Dịch Phong (Thái Sơn, t=0.9 s=0.12): Đồ nhi à, ta mua cho con ít kẹo này, có thể ăn kèm với thuốc…
[0032] Narrator (Đức Trí, t=0.8 s=0.15): Dịch Phong với vẻ mặt tươi rói từ bên ngoài trở về, tay xách…
[0033] Chung Thanh (Nobita, t=0.85 s=0.22): Đa tạ sư phụ đã quan tâm ạ.…
[0034] Narrator (Đức Trí, t=0.8 s=0.15): Chung Thanh mặt mày tràn đầy cảm kích, khóe mắt ửng đỏ. Từ k…
[0035] Dịch Phong (Thái Sơn, t=0.9 s=0.1): Ôi!…
[0036] Narrator (Đức Trí, t=0.8 s=0.15): Nhưng vừa bước vào cửa, Dịch Phong đã bị bậc thang làm cho l…
[0037] Chung Thanh (Nobita, t=0.92 s=0.08): Sư phụ không sao chứ ạ!…
[0038] Narrator (Đức Trí, t=0.8 s=0.15): Chung Thanh vội vàng chạy đến đỡ Dịch Phong.…
[0039] Dịch Phong (Thái Sơn, t=0.9 s=0.18): Mẹ kiếp, cái thiết kế tồi tệ này!…
[0040-0042] Narrator (Đức Trí, t=0.8 s=0.15): Dịch Phong lườm bậc thang đó một cái. Đây không phải lần đầu…
[0043] Chung Thanh (Nobita, t=0.8 s=0.15): Sư phụ, ngày mai con sẽ sửa sang lại bậc thang này cho thật …
[0044] Narrator (Đức Trí, t=0.8 s=0.15): Chung Thanh vội vàng nói, tận đáy lòng suy nghĩ cho Dịch Pho…
[0045] Dịch Phong (Thái Sơn, t=0.8 s=0.15): Đứa trẻ tốt.…
[0046] Narrator (Đức Trí, t=0.8 s=0.15): Dịch Phong xoa đầu hắn, nói:…
[0047] Dịch Phong (Thái Sơn, t=0.8 s=0.15): Con mới khỏi bệnh, những việc này đợi sau này khỏe hẳn rồi h…
[0048-0052] Narrator (Đức Trí, t=0.8 s=0.15): Sau đó, hai sư đồ cùng đi vào trong sân. Nhìn Chung Thanh uố…
[0053] Dịch Phong (Thái Sơn, t=0.8 s=0.15): Chó, lại đây.…
[0054-0057] Narrator (Đức Trí, t=0.8 s=0.15): Dịch Phong vẫy tay về phía Ngao Khánh. Con chó vẫy vẫy đuôi …
[0058] Vô Trần (Thái Sơn, t=0.8 s=0.15): Mấy võ quán cuối cùng này, càng ngày càng nhỏ, thật sự quá đ…
[0059-0062] Narrator (Đức Trí, t=0.8 s=0.15): Nói xong, hắn liếm môi, bước về phía võ quán phía trước.…
render log -> output/render-20260914.jsonl | calls: vieneu-local×42
voices done: 1 ok [43] | 0 failed []
[merge] chapter 43
gap 300ms x42 speech turns
ambience [0-81s] huyen-vu-sect-hall -> dry + hall
ambience [81-182s] binh-giang-martial-schools -> dry
ambience [182-298s] dich-phong-courtyard -> fire-crackle.mp3
ambience [298-339s] street-last-martial-school -> market-crowd.mp3
speed 1.25x -> output/.ch43-merge-ambx1.25.wav
done -> output/.ch43-merge-ambx1.25.wav + output/.ch43-merge-ambx1.25.mp3
[merge] done -> output/Ch.43 - Thật sự là làm người thất vọng a.mp3
   grammar fixes: 1
   bible +Tịnh Vô Phong (adult male, quiet obedient tone with swift efficiency) [44]
segments=38 roster=['Vô Trần', 'Narrator', 'Dịch Phong', 'Chung Thanh', 'Yêu Linh Nhi', 'Huyền Vũ lão tổ', 'Tịnh Vô Phong'] -> data/script-44.json
[prep] chapter 45
saved 5617 chars -> data/chapters/ch45.txt
digest via opencode (opencode/muse-spark-1.3-contributor-free)
[render] chapter 44 (isolated process)
Warning: You are sending unauthenticated requests to the HF Hub. Please set a HF_TOKEN to enable higher rate limits and faster downloads.
segments=63 roster=['Narrator', 'Tịnh Vô Phong', 'Chung Thanh', 'Dịch Phong', 'Quản gia', 'Thành viên thương hội', 'Doãn Hùng', 'Bành Anh', 'Vũ Kiệt'] -> data/script-45.json
[prep] chapter 46
===== voices chapter 44 =====
38 segments -> 21 local calls (runs batched)
[0000] Vô Trần (Thái Sơn, t=0.88 s=0.12): Võ quán tồi tàn này, đến cả tên cũng không có, chắc hẳn lại …
[0001] Narrator (Đức Trí, t=0.8 s=0.15): Tịnh Vô Trần vừa đi vừa đánh giá võ quán. Bỗng nhiên, bước c…
[0002] Vô Trần (Thái Sơn, t=0.9 s=0.1): Võ?…
[0003-0017] Narrator (Đức Trí, t=0.92 s=0.1): Hắn khẽ nhíu mày, luôn cảm giác tấm bảng hiệu này ẩn chứa đi…
[0018-0019] Dịch Phong (Thái Sơn, t=0.9 s=0.18): Chết tiệt!…
[0020] Narrator (Đức Trí, t=0.8 s=0.15): Dịch Phong chửi rủa ầm ĩ, đến gần xem xét, phát hiện sàn nhà…
[0021] Dịch Phong (Thái Sơn, t=0.9 s=0.18): Thằng chó chết vô tài, ta nguyền rủa ngươi sinh con không có…
[0022] Narrator (Đức Trí, t=0.8 s=0.15): Không tìm thấy kẻ gây sự, Dịch Phong cũng chỉ có thể mắng ch…
[0023] Dịch Phong (Thái Sơn, t=0.8 s=0.15): Đồ nhi, giúp ta ném khối đá này ra ngoài.…
[0024] Chung Thanh (Nobita, t=0.8 s=0.15): Vâng, sư tôn.…
[0025] Narrator (Đức Trí, t=0.8 s=0.15): Chung Thanh chật vật ôm hòn đá đi ra ngoài, vừa đi được hai …
[0026] Chung Thanh (Nobita, t=0.8 s=0.15): Sư phụ, con thấy hòn đá này kích thước rất thích hợp, hay là…
[0027] Narrator (Đức Trí, t=0.8 s=0.15): Nghe Chung Thanh nói vậy, mắt Dịch Phong sáng lên. Ngươi đừn…
[0028] Dịch Phong (Thái Sơn, t=0.9 s=0.12): Vậy được, cứ đặt ở cửa là được rồi. Thằng khốn vô tài kia cũ…
[0029-0031] Narrator (Đức Trí, t=0.8 s=0.15): Nhưng mà chuyện này đối với Dịch Phong cũng coi là một trở n…
[0032] Yêu Linh Nhi (Mỹ Duyên, t=0.92 s=0.08): Sư tôn, Vô Trần sư huynh đi nhiều ngày như vậy rồi, không có…
[0033] Narrator (Đức Trí, t=0.8 s=0.15): Yêu Linh Nhi không nhịn được nói. Ninh Huyền Vũ nghe vậy, lô…
[0034] Huyền Vũ lão tổ (Quang Sơn, t=0.8 s=0.15): Vô Phong, ngươi xuống núi xem thử, tìm được tung tích của Vô…
[0035] Narrator (Đức Trí, t=0.8 s=0.15): Huyền Vũ lão tổ nhìn về phía nam tử áo tơi đứng một bên, trầ…
[0036] Tịnh Vô Phong (Minh Triết, t=0.8 s=0.15): Được, sư tôn.…
[0037] Narrator (Đức Trí, t=0.8 s=0.15): Tịnh Vô Phong cung kính gật đầu, vạt áo choàng sau lưng khẽ …
render log -> output/render-20260914.jsonl | calls: vieneu-local×21
voices done: 1 ok [44] | 0 failed []
saved 4036 chars -> data/chapters/ch46.txt
digest via opencode (opencode/muse-spark-1.3-contributor-free)
[render] chapter 45 (isolated process)
Warning: You are sending unauthenticated requests to the HF Hub. Please set a HF_TOKEN to enable higher rate limits and faster downloads.
[merge] chapter 44
gap 300ms x21 speech turns
ambience [0-17s] run-down-martial-hall-gate -> mountain-wind.mp3
ambience [17-329s] martial-hall-main-hall -> dry + hall
speed 1.25x -> output/.ch44-merge-ambx1.25.wav
done -> output/.ch44-merge-ambx1.25.wav + output/.ch44-merge-ambx1.25.mp3
[merge] done -> output/Ch.44 - Có điểm gì là lạ a.mp3
===== voices chapter 45 =====
63 segments -> 44 local calls (runs batched)
[0000] Narrator (Đức Trí, t=0.8 s=0.15): Tịnh Vô Phong trên đường đi đến Bình Giang thành. Sau đó, hắ…
[0001-0002] Tịnh Vô Phong (Minh Triết, t=0.8 s=0.15): Đây là thủ đoạn của Vô Trần sư đệ.…
[0003-0006] Narrator (Đức Trí, t=0.92 s=0.1): Đồng tử Tịnh Vô Phong hơi co lại, áo choàng sau lưng khẽ độn…
[0007] Chung Thanh (Nobita, t=0.8 s=0.15): Sư phụ, người của Bảo Phong thương hội đến rồi, mời người đi…
[0008] Narrator (Đức Trí, t=0.8 s=0.15): Chung Thanh cung kính nói.…
[0009] Dịch Phong (Thái Sơn, t=0.8 s=0.15): Được, bảo hắn chờ ở cửa, con thay quần áo rồi cùng ta đi.…
[0010-0011] Narrator (Đức Trí, t=0.8 s=0.15): Dịch Phong hơi sửa soạn một chút, thay một thân áo bào trắng…
[0012] Dịch Phong (Thái Sơn, t=0.9 s=0.12): Đãi ngộ tốt thật!…
[0013] Narrator (Đức Trí, t=0.8 s=0.15): Dịch Phong cũng không khách khí, trực tiếp bước lên kiệu. Kh…
[0014] Dịch Phong (Thái Sơn, t=0.9 s=0.12): Vượng Tài, trông nhà cho ta thật tốt, đặc biệt là gặp phải l…
[0015-0017] Narrator (Đức Trí, t=0.8 s=0.15): Dặn dò xong xuôi, đoàn người trực tiếp tiến đến Bảo Phong th…
[0018-0019] Thành viên thương hội (Quang Sơn, t=0.92 s=0.1): Hội trưởng, tôi thấy cần thiết phải điều chỉnh một chút tỷ l…
[0020] Doãn Hùng (Minh Triết, t=0.8 s=0.15): Ừm!…
[0021] Narrator (Đức Trí, t=0.8 s=0.15): Trên ghế, Doãn Hùng nhấp một ngụm trà, nói:…
[0022] Doãn Hùng (Minh Triết, t=0.8 s=0.15): Lần trước quản gia cũng đã bẩm báo với ta, nói Dịch tiên sin…
[0023] Thành viên thương hội (Quang Sơn, t=0.8 s=0.15): Được, vậy tôi đề nghị.…
[0024] Narrator (Đức Trí, t=0.8 s=0.15): Một tên cao tầng nói:…
[0025-0026] Thành viên thương hội (Quang Sơn, t=0.92 s=0.1): Trừ chi phí sản xuất ra, thương hội chúng ta chỉ chiếm một p…
[0027-0032] Narrator (Đức Trí, t=0.8 s=0.15): Một cao tầng khác nói.…
[0033] Doãn Hùng (Minh Triết, t=0.8 s=0.15): Được, cứ quyết định như vậy.…
[0034-0035] Narrator (Đức Trí, t=0.8 s=0.15): Gặp hai nữ không có ý kiến gì, Doãn Hùng lúc đó mới trực tiế…
[0036] Quản gia (Quang Sơn, t=0.8 s=0.15): Mời tiên sinh vào.…
[0037] Narrator (Đức Trí, t=0.8 s=0.15): Quản gia cung kính nói.…
[0038] Dịch Phong (Thái Sơn, t=0.8 s=0.15): Khách khí.…
[0039] Narrator (Đức Trí, t=0.8 s=0.15): Dịch Phong vén vạt áo bào, bước xuống kiệu, sau đó dẫn theo …
[0040] Dịch Phong (Thái Sơn, t=0.9 s=0.12): Bảo Phong thương hội này, thật là lớn!…
[0041-0042] Narrator (Đức Trí, t=0.8 s=0.15): Dịch Phong cảm khái nhìn quanh bốn phía, chỉ riêng tiền sảnh…
[0043] Bành Anh (Kim Thanh, t=0.9 s=0.1): Dịch Phong?…
[0044-0045] Narrator (Đức Trí, t=0.8 s=0.15): Đúng lúc này, một âm thanh truyền đến, khiến Dịch Phong chú …
[0046] Bành Anh (Kim Thanh, t=0.9 s=0.1): Sao ngươi lại ở nơi này?…
[0047] Narrator (Đức Trí, t=0.8 s=0.15): Gặp lại Dịch Phong, sắc mặt Bành Anh có chút phức tạp.…
[0048] Dịch Phong (Thái Sơn, t=0.9 s=0.12): Tại sao ta lại không thể ở nơi này?…
[0049] Narrator (Đức Trí, t=0.8 s=0.15): Lời này của Bành Anh có chút chói tai, khiến Dịch Phong cảm …
[0050] Bành Anh (Kim Thanh, t=0.85 s=0.22): Ta không có ý gì khác.…
[0051] Narrator (Đức Trí, t=0.8 s=0.15): Bành Anh giải thích nói:…
[0052] Bành Anh (Kim Thanh, t=0.85 s=0.22): Ta chỉ là... Thôi bỏ đi, giữa chúng ta hình như cũng chẳng c…
[0053] Vũ Kiệt (Adam, t=0.9 s=0.18): Anh nhi, sao lại là tên phế vật này?…
[0054] Narrator (Đức Trí, t=0.8 s=0.15): Lúc này, Vu Vũ Kiệt toàn thân áo trắng ôm kiếm bước đến, vừa…
[0055] Vũ Kiệt (Adam, t=0.9 s=0.18): Ngươi không phải nói, đã sớm cắt đứt quan hệ với tên phế vật…
[0056] Bành Anh (Kim Thanh, t=0.92 s=0.08): Vũ Kiệt ca ca, huynh nghe ta giải thích.…
[0057] Narrator (Đức Trí, t=0.8 s=0.15): Bành Anh vội vàng kéo cánh tay Vu Vũ Kiệt, vội vã giải thích…
[0058] Bành Anh (Kim Thanh, t=0.92 s=0.08): Ta chỉ là tình cờ gặp hắn ở đây.…
[0059] Vũ Kiệt (Adam, t=0.8 s=0.15): Không cần giải thích, để ta trực tiếp giết hắn.…
[0060-0062] Narrator (Đức Trí, t=0.92 s=0.08): Vu Vũ Kiệt sắc mặt lạnh lẽo, trường kiếm trong tay đột nhiên…
render log -> output/render-20260914.jsonl | calls: vieneu-local×44
voices done: 1 ok [45] | 0 failed []
[merge] chapter 45
gap 300ms x44 speech turns
ambience [0-72s] road-investigation -> market-crowd.mp3
ambience [72-113s] dich-phong-courtyard-departure -> fire-crackle.mp3
ambience [113-261s] bao-phong-meeting-hall -> dry + hall
ambience [261-399s] bao-phong-entrance-clash -> dry
speed 1.25x -> output/.ch45-merge-ambx1.25.wav
done -> output/.ch45-merge-ambx1.25.wav + output/.ch45-merge-ambx1.25.mp3
[merge] done -> output/Ch.45 - Ngươi thế nào sẽ ở loại địa phương này.mp3
segments=47 roster=['Narrator', 'Lạc Lan Tuyết', 'Doãn Lạc Ly', 'Vũ Kiệt'] -> data/script-46.json
[prep] chapter 47
saved 4582 chars -> data/chapters/ch47.txt
digest via opencode (opencode/muse-spark-1.3-contributor-free)
[render] chapter 46 (isolated process)
