[swarm] syncing pipeline to remote
[swarm] ledger: 57/80 digested, 27 terminal
[prep:L] chapter 78
[prep:R] chapter 79
[render:L] chapter 21 (isolated process)
[render:R] chapter 22
Warning: You are sending unauthenticated requests to the HF Hub. Please set a HF_TOKEN to enable higher rate limits and faster downloads.
===== voices chapter 21 =====
64 segments -> 35 local calls (runs batched)
[0000] skip cached Dịch Phong (Thái Sơn)
[0001] Narrator (Đức Trí, t=0.8 s=0.15): Dịch Phong thở dài một tiếng, vẻ mặt bất đắc dĩ nói:…
[0002] Dịch Phong (Thái Sơn, t=0.8 s=0.15): Tạm thời chỉ có thể trông coi mảnh đất nhỏ này để kiếm miếng…
[0003] Thanh Sơn lão tổ (Minh Triết, t=0.8 s=0.15): Ồ.…
[0004-0010] Narrator (Đức Trí, t=0.8 s=0.15): Thanh Sơn lão tổ gật đầu, trong lòng hơi thất vọng.…
[0011] Chu Vân (Quang Sơn, t=0.92 s=0.1): Sư thúc, đợi con một chút, đợi con một chút đi!…
[0012] skip cached Narrator (Đức Trí)
[0013] Thanh Sơn lão tổ (Minh Triết, t=0.9 s=0.18): Làm gì vậy?…
[0014] skip cached Narrator (Đức Trí)
[0015] Chu Vân (Quang Sơn, t=0.9 s=0.12): Hắc hắc.…
[0016] skip cached Narrator (Đức Trí)
[0017] Chu Vân (Quang Sơn, t=0.92 s=0.1): Sư thúc, cây đao kia có thể cho con xem một chút không?…
[0018] Thanh Sơn lão tổ (Minh Triết, t=0.8 s=0.15): Ngươi có gì đáng xem chứ?…
[0019] Narrator (Đức Trí, t=0.8 s=0.15): Thanh Sơn lão tổ quát.…
[0020] Chu Vân (Quang Sơn, t=0.8 s=0.15): Chỉ nhìn một chút thôi, một chút thôi.…
[0021] skip cached Narrator (Đức Trí)
[0022] Thanh Sơn lão tổ (Minh Triết, t=0.8 s=0.15): Hừ!…
[0023-0025] Narrator (Đức Trí, t=0.8 s=0.15): Thanh Sơn lão tổ hừ lạnh một tiếng, không nhịn được lấy đao …
[0026] Thanh Sơn lão tổ (Minh Triết, t=0.8 s=0.15): Được rồi, xem xong rồi. Ta đi bế quan một ngày, thông báo ch…
[0027-0028] Narrator (Đức Trí, t=0.8 s=0.15): Nói xong, Thanh Sơn lão tổ hóa thành một đạo lưu quang đã bỏ…
[0029] Dịch Phong (Thái Sơn, t=0.8 s=0.15): Chó con, lại đây.…
[0030-0033] Narrator (Đức Trí, t=0.8 s=0.15): Nằm trong viện, Dịch Phong vẫy tay gọi Ngao Khánh.…
[0034] Dịch Phong (Thái Sơn, t=0.8 s=0.15): Đánh quyền thôi, không vận động một chút, gân cốt đều sắp rệ…
[0035-0036] Narrator (Đức Trí, t=0.8 s=0.15): Nói đoạn, Dịch Phong giãn gân cốt, đi đến bên cạnh rồi nhập …
[0037] skip cached Phệ Thiên Yêu Lang (Adam)
[0038-0045] Narrator (Đức Trí, t=0.8 s=0.15): Bên cạnh, Ngao Khánh trợn tròn mắt, trong miệng không nhịn đ…
[0046] Dịch Phong (Thái Sơn, t=0.9 s=0.12): Thật dễ chịu.…
[0047-0048] Narrator (Đức Trí, t=0.8 s=0.15): Xoa mồ hôi trên trán, lâu rồi không vận động, đánh một bộ qu…
[0049] Dịch Phong (Thái Sơn, t=0.9 s=0.12): Thế nào, chủ nhân ngươi lợi hại chứ?…
[0050] Phệ Thiên Yêu Lang (Adam, t=0.92 s=0.1): Ngao ngao.…
[0051] Narrator (Đức Trí, t=0.8 s=0.15): Ngao Khánh kêu hai tiếng.…
[0052] Dịch Phong (Thái Sơn, t=0.9 s=0.12): Tiểu tử này, còn thông minh thật đấy.…
[0053] Narrator (Đức Trí, t=0.8 s=0.15): Dịch Phong uống một ngụm nước, cười nói:…
[0054] Dịch Phong (Thái Sơn, t=0.92 s=0.1): Đã vậy, ta lại đánh thêm một bộ nữa.…
[0055-0063] Narrator (Đức Trí, t=0.8 s=0.15): Đặt chén trà xuống, Dịch Phong lại lần nữa nhập định.…
render log -> output/render-20260914.jsonl | calls: vieneu-local×29
voices done: 1 ok [21] | 0 failed []
saved 4742 chars -> data/chapters/ch78.txt
digest via opencode (opencode/muse-spark-1.3-contributor-free)
segments=57 roster=['Narrator', 'Ba lão đầu', 'Sở Sư Cuồng', 'Lý Mạc Trắc', 'Ngô lão đầu', 'Tôn Gia Cát'] -> data/script-78.json
[render:L] chapter 23 (isolated process)
[prep:L] chapter 80
Warning: You are sending unauthenticated requests to the HF Hub. Please set a HF_TOKEN to enable higher rate limits and faster downloads.
===== voices chapter 23 =====
83 segments -> 58 local calls (runs batched)
[0000] Thanh Sơn lão tổ (Minh Triết, t=0.8 s=0.15): Được rồi, cuộc họp hôm nay cũng không có việc gì đặc biệt qu…
[0001] Narrator (Đức Trí, t=0.8 s=0.15): Thanh Sơn lão tổ ngồi phía trên, lấy lại vẻ uy nghiêm nói:…
[0002] Thanh Sơn lão tổ (Minh Triết, t=0.88 s=0.12): Chỉ là muốn thông báo cho các ngươi một tiếng, lão tổ ta đượ…
[0003] skip cached Narrator (Đức Trí)
[0004] Mọi người (Đức Trí, t=0.92 s=0.1): Trời phù hộ Thanh Sơn Môn ta!…
[0005] skip cached Narrator (Đức Trí)
[0006] Thanh Sơn lão tổ (Minh Triết, t=0.92 s=0.1): Vậy nên, các ngươi cứ yên tâm đi!…
[0007] skip cached Narrator (Đức Trí)
[0008] skip cached Thanh Sơn lão tổ (Minh Triết)
[0009-0010] Narrator (Đức Trí, t=0.8 s=0.15): Mọi người dưới trướng nhìn nhau, đều thấy được cùng một mong…
[0011] Đại trưởng lão (Thái Sơn, t=0.8 s=0.15): Lão tổ, người có thể cho chúng con chiêm ngưỡng thanh bảo đa…
[0012] Narrator (Đức Trí, t=0.8 s=0.15): Theo lời hắn, từng ánh mắt đầy hy vọng đều đổ dồn về phía lã…
[0013] Thanh Sơn lão tổ (Minh Triết, t=0.8 s=0.15): Được thôi!…
[0014] skip cached Narrator (Đức Trí)
[0015] skip cached Thanh Sơn lão tổ (Minh Triết)
[0016-0020] Narrator (Đức Trí, t=0.9 s=0.1): Dứt lời, cả đại sảnh lập tức im phăng phắc.…
[0021] Thanh Sơn lão tổ (Minh Triết, t=0.88 s=0.12): Thế nào, đã thấy rõ chưa?…
[0022] Mọi người (Đức Trí, t=0.85 s=0.22): Lão tổ. . .…
[0023-0024] Narrator (Đức Trí, t=0.8 s=0.15): Sắc mặt mọi người bên dưới đều lộ vẻ uất ức.…
[0025] Thanh Sơn lão tổ (Minh Triết, t=0.8 s=0.15): Được rồi, Tam trưởng lão và Vu Vũ Kiệt, hai người các ngươi …
[0026-0027] Narrator (Đức Trí, t=0.8 s=0.15): Thanh Sơn lão tổ nói với vẻ thiếu kiên nhẫn.…
[0028] Tam trưởng lão (Quang Sơn, t=0.8 s=0.15): Không biết lão tổ giữ hai chúng con lại có chuyện quan trọng…
[0029] skip cached Narrator (Đức Trí)
[0030] Thanh Sơn lão tổ (Minh Triết, t=0.8 s=0.15): Phá hủy hành cung của ngươi, làm đệ tử của ngươi bị thương, …
[0031-0042] Narrator (Đức Trí, t=0.8 s=0.15): Thanh Sơn lão tổ nói với vẻ hào phóng.…
[0043] skip cached Bành Anh (Kim Thanh)
[0044] skip cached Narrator (Đức Trí)
[0045] skip cached Vũ Kiệt (Adam)
[0046-0047] Narrator (Đức Trí, t=0.8 s=0.15): Trên gương mặt tái nhợt của Vu Vũ Kiệt thoáng hiện một tia m…
[0048] Vũ Kiệt (Adam, t=0.8 s=0.15): Yên tâm đi, ta không sao.…
[0049] Bành Anh (Kim Thanh, t=0.85 s=0.22): Nhìn sắc mặt huynh tái nhợt như vậy mà còn nói không sao.…
[0050] Narrator (Đức Trí, t=0.8 s=0.15): Bành Anh đầy lo lắng, dịu dàng hỏi:…
[0051] Bành Anh (Kim Thanh, t=0.9 s=0.1): Đúng rồi, rốt cuộc là chuyện gì xảy ra, sao huynh lại bị thư…
[0052-0055] Narrator (Đức Trí, t=0.8 s=0.15): Lời hỏi của Bành Anh dường như khơi gợi những hồi ức không m…
[0056] Vũ Kiệt (Adam, t=0.8 s=0.15): Lão tổ có được một thanh bảo đao, thanh đao đó quá mức cường…
[0057-0058] Narrator (Đức Trí, t=0.8 s=0.15): Bành Anh nghe vậy, biến sắc mặt.…
[0059] Vũ Kiệt (Adam, t=0.8 s=0.15): Nói đến, đỡ được nhát đao kia cũng đã tốn không ít thời gian…
[0060] Narrator (Đức Trí, t=0.8 s=0.15): Nói xong, hắn đầy vẻ áy náy nhìn về phía Bành Anh:…
[0061] Vũ Kiệt (Adam, t=0.85 s=0.22): Anh nhi, thật xin lỗi, đều tại ta vô dụng, để muội phải lo l…
[0062] Bành Anh (Kim Thanh, t=0.9 s=0.1): Sao lại như vậy?…
[0063] Narrator (Đức Trí, t=0.8 s=0.15): Bành Anh khẩn trương nắm chặt tay Vu Vũ Kiệt, vội vàng an ủi…
[0064] Bành Anh (Kim Thanh, t=0.92 s=0.1): Huynh có thể đỡ được một đao của lão tổ, đây quả thực là kỳ …
[0065] Vũ Kiệt (Adam, t=0.85 s=0.22): Thì có ích lợi gì đây, vẫn là bị thương.…
[0066] Narrator (Đức Trí, t=0.8 s=0.15): Vu Vũ Kiệt khổ sở lắc đầu.…
[0067] Bành Anh (Kim Thanh, t=0.92 s=0.08): Huynh thật sự rất mạnh, rất tuyệt.…
[0068-0069] Narrator (Đức Trí, t=0.8 s=0.15): Bành Anh nói gấp.…
[0070] Vũ Kiệt (Adam, t=0.9 s=0.1): Thật sao?…
[0071] Bành Anh (Kim Thanh, t=0.8 s=0.15): Thật mà, huynh là người tuyệt vời nhất trong lòng muội.…
[0072] Narrator (Đức Trí, t=0.8 s=0.15): Bành Anh trịnh trọng nói.…
[0073] Vũ Kiệt (Adam, t=0.8 s=0.15): Anh nhi muội thật tốt.…
[0074-0075] Narrator (Đức Trí, t=0.8 s=0.15): Vu Vũ Kiệt ôn hòa nói, bàn tay khẽ động, Bành Anh thuận thế …
[0076] Bành Anh (Kim Thanh, t=0.9 s=0.1): Đúng rồi, Vũ Kiệt ca ca, rốt cuộc thanh đao của lão tổ là đa…
[0077] Narrator (Đức Trí, t=0.8 s=0.15): Vu Vũ Kiệt khẽ mở mắt, lần này trên mặt hắn không hề giả dối…
[0078] Vũ Kiệt (Adam, t=0.8 s=0.15): Thanh đao này, quả thực rất đáng sợ.…
[0079] Bành Anh (Kim Thanh, t=0.9 s=0.1): Ồ?…
[0080] Narrator (Đức Trí, t=0.8 s=0.15): Bành Anh chớp chớp lông mày.…
[0081] Vũ Kiệt (Adam, t=0.8 s=0.15): Muội xem là biết ngay.…
[0082] Narrator (Đức Trí, t=0.8 s=0.15): Bàn tay Vu Vũ Kiệt vung lên, một khối ngọc giản xuất hiện tr…
render log -> output/render-20260914.jsonl | calls: vieneu-local×48
voices done: 1 ok [23] | 0 failed []
saved 5188 chars -> data/chapters/ch80.txt
digest via opencode (opencode/muse-spark-1.3-contributor-free)
digest invalid (new_character Bộ Xương Khô: voice_hint must start with gender/age); asking model to repair once
   bible +Bộ Xương Khô (adult male, hollow clattering tone that sounds meek and clumsy) [80]
segments=64 roster=['Narrator', 'Phệ Thiên Yêu Lang', 'Dịch Phong', 'Bộ Xương Khô', 'Lý Mạc Trắc'] -> data/script-80.json
[render:L] chapter 24 (isolated process)
[prep:L] chapter 81
Warning: You are sending unauthenticated requests to the HF Hub. Please set a HF_TOKEN to enable higher rate limits and faster downloads.
===== voices chapter 24 =====
77 segments -> 50 local calls (runs batched)
[0000-0002] Narrator (Đức Trí, t=0.9 s=0.1): Ở giữa bức ảnh, Thanh Sơn lão tổ hiện ra ngay trước mặt tam …
[0003] Vu Vũ Kiệt (Quang Sơn, t=0.92 s=0.1): Nhìn xem, chính là thanh đao này.…
[0004] skip cached Narrator (Đức Trí)
[0005] Bành Anh (Kim Thanh, t=0.9 s=0.1): Một cây dao phay?…
[0006] skip cached Narrator (Đức Trí)
[0007] Vu Vũ Kiệt (Quang Sơn, t=0.8 s=0.15): Đúng vậy, một cây dao phay.…
[0008] Narrator (Đức Trí, t=0.8 s=0.15): Vu Vũ Kiệt cảm thán nói:…
[0009] Vu Vũ Kiệt (Quang Sơn, t=0.88 s=0.12): Cũng không biết vị tiền bối chế tạo thanh đao này có tâm thá…
[0010] Bành Anh (Kim Thanh, t=0.8 s=0.15): Ừm!…
[0011] skip cached Narrator (Đức Trí)
[0012] Vu Vũ Kiệt (Quang Sơn, t=0.8 s=0.15): Sao vậy Anh nhi, có chuyện gì trong lòng sao?…
[0013] skip cached Narrator (Đức Trí)
[0014] Bành Anh (Kim Thanh, t=0.8 s=0.15): Không, ta chỉ cảm thấy... ta chỉ cảm thấy thanh dao phay này…
[0015] skip cached Narrator (Đức Trí)
[0016] Vu Vũ Kiệt (Quang Sơn, t=0.9 s=0.12): Ôi chao, đừng nghĩ nhiều như vậy, nàng chắc chắn là ảo giác …
[0017] Narrator (Đức Trí, t=0.8 s=0.15): Vu Vũ Kiệt cười nói:…
[0018] Vu Vũ Kiệt (Quang Sơn, t=0.88 s=0.12): Bảo vật cấp bậc này ngay cả lão tổ cũng coi là trân bảo, làm…
[0019] Bành Anh (Kim Thanh, t=0.8 s=0.15): Cũng phải.…
[0020] skip cached Narrator (Đức Trí)
[0021] Vu Vũ Kiệt (Quang Sơn, t=0.8 s=0.15): Được rồi, ta sẽ nhanh chóng giúp nàng gia nhập nội môn.…
[0022] Narrator (Đức Trí, t=0.8 s=0.15): Vu Vũ Kiệt thuận thế ôm lấy vòng eo thon của Bành Anh, ôn hò…
[0023] Vu Vũ Kiệt (Quang Sơn, t=0.8 s=0.15): Chỉ là còn phải đợi một thời gian nữa, nếu không sẽ có kẻ nó…
[0024] Narrator (Đức Trí, t=0.8 s=0.15): Vòng eo khẽ vặn vẹo, Bành Anh cảm kích nói:…
[0025] Bành Anh (Kim Thanh, t=0.8 s=0.15): Cảm ơn huynh, Vũ Kiệt ca ca, huynh thật tốt.…
[0026-0029] Narrator (Đức Trí, t=0.8 s=0.15): Thu ý nồng đậm. Lá rụng trên mặt đất phủ kín một lớp dày.…
[0030] skip cached Dịch Phong (Thái Sơn)
[0031-0032] Narrator (Đức Trí, t=0.85 s=0.22): Dịch Phong nhếch khóe miệng, ánh mắt hướng ra ngoài đường.…
[0033] Dịch Phong (Thái Sơn, t=0.85 s=0.22): A!…
[0034] Narrator (Đức Trí, t=0.8 s=0.15): Dịch Phong thở dài một hơi, xem ra Chung Thanh vẫn tư chất k…
[0035] skip cached Chung Thanh (Nobita)
[0036] Narrator (Đức Trí, t=0.8 s=0.15): Dịch Phong gật đầu, nở nụ cười với hắn, nói:…
[0037] Dịch Phong (Thái Sơn, t=0.8 s=0.15): Trời lạnh rồi, vào đây sưởi lửa chút đi!…
[0038] Chung Thanh (Nobita, t=0.8 s=0.15): Không sao đâu sư phụ, con đi đánh thêm hai bộ quyền nữa, rồi…
[0039-0041] Narrator (Đức Trí, t=0.8 s=0.15): Chung Thanh nhẹ giọng nói, rồi đi vào phòng khách.…
[0042] Dịch Phong (Thái Sơn, t=0.8 s=0.15): Xem ra, ta cần thực hiện một phương án tiếp theo.…
[0043-0059] Narrator (Đức Trí, t=0.8 s=0.15): Dịch Phong vuốt ve con chó bên cạnh, rồi đi đến bàn.…
[0060] Ngô lão đầu (Minh Triết, t=0.8 s=0.15): Lão huynh, đã lâu không gặp.…
[0061-0062] Narrator (Đức Trí, t=0.8 s=0.15): Một lúc lâu sau, lão đầu mới hoàn hồn, lên tiếng chào Dịch P…
[0063] Dịch Phong (Thái Sơn, t=0.9 s=0.12): Ta tuổi tác thế nào, lão gia người tuổi tác thế nào, trong l…
[0064] Narrator (Đức Trí, t=0.8 s=0.15): Thế nhưng từ khi hai người quen biết, Ngô lão đầu này đã xưn…
[0065] Dịch Phong (Thái Sơn, t=0.8 s=0.15): Ngô lão ca, đã lâu không gặp.…
[0066] Narrator (Đức Trí, t=0.8 s=0.15): Dịch Phong nói.…
[0067] Ngô lão đầu (Minh Triết, t=0.9 s=0.12): Ha ha, lão huynh khiến ta khâm phục đấy.…
[0068] Narrator (Đức Trí, t=0.8 s=0.15): Nhìn Dịch Phong ăn mặc đầy đủ, trong mắt lão đầu lóe lên một…
[0069] Ngô lão đầu (Minh Triết, t=0.9 s=0.12): Chúng ta là cùng một loại người, Dịch lão ca làm còn cực đoa…
[0070] Dịch Phong (Thái Sơn, t=0.9 s=0.1): Ơ?…
[0071-0072] Narrator (Đức Trí, t=0.8 s=0.15): Dịch Phong sửng sốt, quả thực không hiểu gì.…
[0073] Ngô lão đầu (Minh Triết, t=0.8 s=0.15): Bên ngoài lạnh lẽo, có muốn vào trong ngồi một lát không?…
[0074-0075] Narrator (Đức Trí, t=0.8 s=0.15): Ngô lão đầu gật đầu, đi về phía Dịch Phong, nhưng như mọi lầ…
[0076] Dịch Phong (Thái Sơn, t=0.9 s=0.12): Đúng đúng đúng, huynh nói đúng, dòm ngó động phủ của người k…
render log -> output/render-20260914.jsonl | calls: vieneu-local×42
voices done: 1 ok [24] | 0 failed []
saved 4123 chars -> data/chapters/ch81.txt
digest via opencode (opencode/muse-spark-1.3-contributor-free)
segments=44 roster=['Narrator', 'Lý Mạc Trắc'] -> data/script-81.json
[render:L] chapter 25 (isolated process)
[prep:L] chapter 82
[render:R] chapter 26
Warning: You are sending unauthenticated requests to the HF Hub. Please set a HF_TOKEN to enable higher rate limits and faster downloads.
saved 4493 chars -> data/chapters/ch82.txt
digest via opencode (opencode/muse-spark-1.3-contributor-free)
segments=43 roster=['Narrator', 'Dịch Phong', 'Lý Mạc Trắc', 'Lỗ Đạt Sênh'] -> data/script-82.json
[prep:L] chapter 83
===== voices chapter 25 =====
42 segments -> 19 local calls (runs batched)
[0000-0012] Narrator (Đức Trí, t=0.9 s=0.12): Nói xong, khóe miệng Dịch Phong giật giật, không mấy hài lòn…
[0013] Ngô lão đầu (Minh Triết, t=0.8 s=0.15): Nói thật, ban đầu ta cứ nghĩ ta và huynh là người cùng đẳng …
[0014] skip cached Narrator (Đức Trí)
[0015] Dịch Phong (Thái Sơn, t=0.9 s=0.12): Ha ha.…
[0016] skip cached Narrator (Đức Trí)
[0017] Ngô lão đầu (Minh Triết, t=0.8 s=0.15): Nhưng mà ta tỉ mỉ quan sát, lại có chút nhìn không thấu huyn…
[0018] Narrator (Đức Trí, t=0.8 s=0.15): Ngô lão đầu lại nhíu mày nói.…
[0019] Dịch Phong (Thái Sơn, t=0.88 s=0.12): Huynh đương nhiên nhìn không thấu ta.…
[0020-0022] Narrator (Đức Trí, t=0.88 s=0.12): Dịch Phong mỉm cười, trên mặt hiện lên vẻ thâm ý, đồng thời …
[0023] Ngô lão đầu (Minh Triết, t=0.9 s=0.1): Chẳng lẽ, hắn thật sự mạnh hơn ta sao?…
[0024-0027] Narrator (Đức Trí, t=0.8 s=0.15): Trong lòng Ngô lão đầu có chút không thoải mái. Có lẽ đối vớ…
[0028] Ngô lão đầu (Minh Triết, t=0.9 s=0.12): Dịch lão ca, huynh nói vậy thì hơi tự mãn rồi.…
[0029] Narrator (Đức Trí, t=0.8 s=0.15): Ngô lão đầu cười cười, đồng thời quân cờ trong tay ăn mất mộ…
[0030] Ngô lão đầu (Minh Triết, t=0.88 s=0.12): Cho dù không nhìn thấu được huynh, nhưng ta cảm thấy chúng t…
[0031] Dịch Phong (Thái Sơn, t=0.88 s=0.12): Điều đó cũng chưa chắc đã đúng.…
[0032-0034] Narrator (Đức Trí, t=0.88 s=0.12): Trên mặt Dịch Phong vẫn giữ vẻ đã tính toán trước. Chỉ vì ăn…
[0035-0037] Ngô lão đầu (Minh Triết, t=0.9 s=0.1): Chẳng lẽ, hắn thật sự mạnh hơn ta?…
[0038-0039] Narrator (Đức Trí, t=0.9 s=0.1): Dịch Phong đặt quân cờ trong tay xuống, cười vươn vai một cá…
[0040-0041] Ngô lão đầu (Minh Triết, t=0.9 s=0.1): Đây là?…
render log -> output/render-20260914.jsonl | calls: vieneu-local×17
voices done: 1 ok [25] | 0 failed []
saved 4590 chars -> data/chapters/ch83.txt
digest via opencode (opencode/muse-spark-1.3-contributor-free)
segments=55 roster=['Narrator', 'Lý Mạc Trắc', 'Bộ Xương Khô'] -> data/script-83.json
[prep:L] chapter 84
[render:L] chapter 27 (isolated process)
Warning: You are sending unauthenticated requests to the HF Hub. Please set a HF_TOKEN to enable higher rate limits and faster downloads.
===== voices chapter 27 =====
60 segments -> 28 local calls (runs batched)
[0000] skip cached Narrator (Đức Trí)
[0001] skip cached Dịch Phong (Thái Sơn)
[0002] skip cached Narrator (Đức Trí)
[0003] skip cached Dịch Phong (Thái Sơn)
[0004] skip cached Narrator (Đức Trí)
[0005] skip cached Ngô lão đầu (Minh Triết)
[0006-0011] skip cached Narrator (Đức Trí)
[0012] skip cached Dịch Phong (Thái Sơn)
[0013-0014] skip cached Narrator (Đức Trí)
[0015] skip cached Dịch Phong (Thái Sơn)
[0016] skip cached Narrator (Đức Trí)
[0017] skip cached Ngô lão đầu (Minh Triết)
[0018-0019] skip cached Narrator (Đức Trí)
[0020] skip cached Dịch Phong (Thái Sơn)
[0021-0029] Narrator (Đức Trí, t=0.8 s=0.15): Những lời nói này của Dịch Phong lập tức khiến Ngô lão đầu s…
[0030] Ngô lão đầu (Minh Triết, t=0.9 s=0.1): Cái này, đây là...…
[0031-0033] Narrator (Đức Trí, t=0.8 s=0.15): Trong lúc nhất thời, ông ta lắp bắp không rõ lời, cơ thể cũn…
[0034] Ngô lão đầu (Minh Triết, t=0.9 s=0.1): Hô!…
[0035-0037] Narrator (Đức Trí, t=0.8 s=0.15): Một hồi lâu sau, Ngô lão đầu thở ra một hơi, dùng ánh mắt cà…
[0038] Ngô lão đầu (Minh Triết, t=0.8 s=0.15): Ngươi rốt cuộc là ai?…
[0039] Narrator (Đức Trí, t=0.8 s=0.15): Ngô lão đầu chau mày, từng chữ từng câu hỏi Dịch Phong.…
[0040] Dịch Phong (Thái Sơn, t=0.9 s=0.12): Ngươi nói ta là người như thế nào đây?…
[0041-0052] Narrator (Đức Trí, t=0.8 s=0.15): Đoán chừng là chứng "chuunibyou" của lão già này lại tái phá…
[0053] Dịch Phong (Thái Sơn, t=0.9 s=0.12): Này lão ca, ngươi làm gì mà ngẩn người ra vậy?…
[0054] Narrator (Đức Trí, t=0.8 s=0.15): Nghe vậy, Ngô lão đầu sắc mặt khó coi, vẻ mặt xấu hổ, chỉ có…
[0055] Dịch Phong (Thái Sơn, t=0.8 s=0.15): Được, cầm lấy mà dùng đi, nhớ giữ gìn cẩn thận.…
[0056-0057] Narrator (Đức Trí, t=0.8 s=0.15): Dịch Phong đưa cái cào trong tay tới, cười nói.…
[0058-0059] Ngô lão đầu (Minh Triết, t=0.9 s=0.1): Cái gì?…
render log -> output/render-20260914.jsonl | calls: vieneu-local×14
voices done: 1 ok [27] | 0 failed []
saved 4663 chars -> data/chapters/ch84.txt
digest via opencode (opencode/muse-spark-1.3-contributor-free)
segments=47 roster=['Narrator', 'Lý Mạc Trắc', 'Bộ Xương Khô', 'Lỗ Đạt Sênh'] -> data/script-84.json
[render:L] chapter 28 (isolated process)
[prep:L] chapter 85
[prep:R] chapter 79 FAILED (1/3): remote prep failed: ot;\n\nQuả nhiên, cánh cửa nhỏ &#x27;két&#x27; một tiếng, nhẹ nhàng khẽ mở.\n\nNgao Khánh gần như vô thức run rẩy, lông toàn thân 
[prep:R] chapter 79
Warning: You are sending unauthenticated requests to the HF Hub. Please set a HF_TOKEN to enable higher rate limits and faster downloads.
===== voices chapter 28 =====
65 segments -> 28 local calls (runs batched)
[0000] skip cached Narrator (Đức Trí)
[0001] skip cached Ngô lão đầu (Minh Triết)
[0002] skip cached Dịch Phong (Thái Sơn)
[0003-0004] skip cached Narrator (Đức Trí)
[0005] skip cached Ngô lão đầu (Minh Triết)
[0006] skip cached Dịch Phong (Thái Sơn)
[0007-0012] Narrator (Đức Trí, t=0.9 s=0.1): Dịch Phong nói một cách thản nhiên.…
[0013] Dịch Phong (Thái Sơn, t=0.8 s=0.15): Tất nhiên, cái cào này ta cũng không cho không ông đâu.…
[0014-0021] Narrator (Đức Trí, t=0.8 s=0.15): Tiếp theo, Dịch Phong lại nói thêm, mặc dù hắn rất muốn trực…
[0022] Dịch Phong (Thái Sơn, t=0.9 s=0.12): Chúng ta cũng coi như bạn bè cũ, chắc chắn sẽ không tính toá…
[0023-0031] Narrator (Đức Trí, t=0.92 s=0.1): Dịch Phong cười nói, 50% cũng là mức giá thấp nhất trong lòn…
[0032] Dịch Phong (Thái Sơn, t=0.8 s=0.15): Sao thế Ngô lão đầu, là không đủ tiền à?…
[0033-0039] Narrator (Đức Trí, t=0.92 s=0.08): Ngô lão đầu mặt mày đầy vẻ xấu hổ, cúi đầu gật gật trong khổ…
[0040] Ngô lão đầu (Minh Triết, t=0.92 s=0.08): Dịch lão ca, không, Dịch tiên sinh, nếu không...…
[0041] Dịch Phong (Thái Sơn, t=0.9 s=0.1): Hả?…
[0042] Narrator (Đức Trí, t=0.8 s=0.15): Dịch Phong nhìn về phía ông ta.…
[0043] Ngô lão đầu (Minh Triết, t=0.92 s=0.08): Ta vẫn còn một chuyện chưa hoàn thành, chờ ta hoàn thành xon…
[0044-0045] Narrator (Đức Trí, t=0.8 s=0.15): Nói xong, Ngô lão đầu với ánh mắt căng thẳng nhìn về phía Dị…
[0046] Dịch Phong (Thái Sơn, t=0.9 s=0.1): Đi theo ta?…
[0047-0049] Narrator (Đức Trí, t=0.9 s=0.12): Dịch Phong sửng sốt một chút, không khỏi nhếch mép, lão đầu …
[0050] Ngô lão đầu (Minh Triết, t=0.85 s=0.22): Tốt thôi!…
[0051-0052] Narrator (Đức Trí, t=0.85 s=0.22): Ngô lão đầu thấy thế, sắc mặt đầy vẻ thất vọng, lập tức hiểu…
[0053] Dịch Phong (Thái Sơn, t=0.8 s=0.15): Nếu không thì thế này đi.…
[0054] Narrator (Đức Trí, t=0.8 s=0.15): Dịch Phong suy nghĩ một chút, rồi nói:…
[0055] Dịch Phong (Thái Sơn, t=0.8 s=0.15): Cái cào này ông cứ lấy trước, tiền thì ông cứ từ từ tích cóp…
[0056-0059] Narrator (Đức Trí, t=0.8 s=0.15): Nói xong, Dịch Phong ánh mắt nhìn về phía ông ta.…
[0060] Ngô lão đầu (Minh Triết, t=0.8 s=0.15): Dịch tiên sinh, ân huệ của ngài, lão hủ xin ghi nhớ trong lò…
[0061-0064] Narrator (Đức Trí, t=0.92 s=0.1): Nói xong, ông ta đứng dậy, cực kỳ nghiêm túc cung kính cúi m…
render log -> output/render-20260914.jsonl | calls: vieneu-local×22
voices done: 1 ok [28] | 0 failed []
saved 4262 chars -> data/chapters/ch85.txt
digest via opencode (opencode/muse-spark-1.3-contributor-free)
digest invalid (new_character Người áo đen: voice_hint must start with gender/age); asking model to repair once
   bible +Người áo đen (adult male, deep cold menacing tone with slow contempt) [85]
segments=50 roster=['Narrator', 'Lỗ Đạt Sênh', 'Người áo đen', 'Thanh Sơn lão tổ', 'Dịch Phong', 'Chung Thanh'] -> data/script-85.json
[render:L] chapter 29 (isolated process)
[prep:L] chapter 86
[render:R] chapter 30
Warning: You are sending unauthenticated requests to the HF Hub. Please set a HF_TOKEN to enable higher rate limits and faster downloads.
===== voices chapter 29 =====
49 segments -> 21 local calls (runs batched)
[0000] skip cached Dịch Phong (Thái Sơn)
[0001-0007] Narrator (Đức Trí, t=0.8 s=0.15): Dịch Phong không kìm được vẫy tay, hắn thật sự có chút không…
[0008] Dịch Phong (Thái Sơn, t=0.9 s=0.1): Chuyện gì thế này?…
[0009] Narrator (Đức Trí, t=0.8 s=0.15): Dịch Phong đến ngồi ở sạp thịt bò đối diện, hỏi:…
[0010] Dịch Phong (Thái Sơn, t=0.8 s=0.15): Ngày thường vẫn thấy một vài đệ tử tu luyện ra phố mua sắm, …
[0011] Gã sai vặt (Adam, t=0.8 s=0.15): Dịch sư phụ e rằng còn chưa biết ạ?…
[0012] Narrator (Đức Trí, t=0.8 s=0.15): Gã sai vặt thấy Dịch Phong xách theo rượu trong tay, hào phó…
[0013] Gã sai vặt (Adam, t=0.88 s=0.1): Hôm nay là ngày Thanh Sơn lão tổ và Huyền Vũ lão tổ quyết đấ…
[0014] Dịch Phong (Thái Sơn, t=0.8 s=0.15): Ồ.…
[0015-0020] Narrator (Đức Trí, t=0.92 s=0.1): Dịch Phong gật đầu, hắn thực sự không mấy quan tâm đến chuyệ…
[0021] skip cached Huyền Vũ lão tổ (Quang Sơn)
[0022] Narrator (Đức Trí, t=0.8 s=0.15): Huyền Vũ lão tổ nói với giọng trêu chọc.…
[0023] Thanh Sơn lão tổ (Minh Triết, t=0.8 s=0.15): Hừ!…
[0024] Narrator (Đức Trí, t=0.8 s=0.15): Thanh Sơn lão tổ hừ lạnh một tiếng, không nói thêm lời nào.…
[0025] Huyền Vũ lão tổ (Quang Sơn, t=0.9 s=0.18): Chết đi!…
[0026-0036] Narrator (Đức Trí, t=0.92 s=0.1): Hai người dường như không có màn khởi động rườm rà, Huyền Vũ…
[0037] Huyền Vũ lão tổ (Quang Sơn, t=0.88 s=0.12): Ha ha ha, Thanh Sơn, ngươi quả nhiên là phế vật, ngày này sa…
[0038-0039] Narrator (Đức Trí, t=0.88 s=0.12): Giữa không trung, Huyền Vũ lão tổ cười lớn, trên mặt mang th…
[0040] Huyền Vũ lão tổ (Quang Sơn, t=0.9 s=0.18): Chết đi!…
[0041-0047] Narrator (Đức Trí, t=0.92 s=0.08): Huyền Vũ lão tổ hiển nhiên hiểu đạo lý “thừa thắng xông lên”…
[0048] Thanh Sơn lão tổ (Minh Triết, t=0.8 s=0.15): Cuối cùng, đến lượt ta rồi.…
render log -> output/render-20260914.jsonl | calls: vieneu-local×19
voices done: 1 ok [29] | 0 failed []
saved 5258 chars -> data/chapters/ch86.txt
digest via opencode (opencode/muse-spark-1.3-contributor-free)
segments=63 roster=['Narrator', 'Dịch Phong', 'Bộ Xương Khô', 'Chung Thanh', 'Gã sai vặt'] -> data/script-86.json
[prep:L] chapter 87
[render:L] chapter 31 (isolated process)
Warning: You are sending unauthenticated requests to the HF Hub. Please set a HF_TOKEN to enable higher rate limits and faster downloads.
===== voices chapter 31 =====
90 segments -> 61 local calls (runs batched)
[0000-0004] Narrator (Đức Trí, t=0.9 s=0.1): Nghe vậy, Dịch Phong vốn đang chuẩn bị đứng dậy rời đi, ánh …
[0005] Mao Lâm (Minh Triết, t=0.8 s=0.15): Doãn Nhi, ta đang tiếp đãi khách nhân, con ra ngoài trước đi…
[0006-0007] Narrator (Đức Trí, t=0.8 s=0.15): Mao Doãn Nhi liếc nhìn Dịch Phong một cái, chu môi rồi lui r…
[0008] Mao Lâm (Minh Triết, t=0.8 s=0.15): Dịch sư phụ, thực không dám giấu giếm, tiểu nữ đúng là độc g…
[0009] Narrator (Đức Trí, t=0.8 s=0.15): Nhưng nói đến đây, câu chuyện của hắn lại rẽ sang hướng khác…
[0010-0012] Mao Lâm (Minh Triết, t=0.8 s=0.15): Thế nhưng...…
[0013] Narrator (Đức Trí, t=0.8 s=0.15): Nghe vậy, Dịch Phong gật đầu, không nói thêm gì, liền chuẩn …
[0014] Mao Lâm (Minh Triết, t=0.92 s=0.08): Khoan đã.…
[0015-0018] Narrator (Đức Trí, t=0.8 s=0.15): Mao Lâm lại gọi.…
[0019] Mao Lâm (Minh Triết, t=0.8 s=0.15): Vừa rồi ngươi cũng thấy đấy, nữ nhi của ta đang tìm tác giả …
[0020] Narrator (Đức Trí, t=0.8 s=0.15): Mao Lâm bưng chiếc mâm ngọc đưa về phía Dịch Phong, nói tiếp…
[0021] Mao Lâm (Minh Triết, t=0.8 s=0.15): Đừng nói ra thân phận của ngươi trước mặt nữ nhi của ta, đây…
[0022-0023] Narrator (Đức Trí, t=0.8 s=0.15): Dịch Phong nhíu mày, nhìn về phía mâm ngọc.…
[0024] Dịch Phong (Thái Sơn, t=0.8 s=0.15): Mười đồng này là tiền thảo dược lần trước, còn lại, thì khôn…
[0025-0029] Narrator (Đức Trí, t=0.8 s=0.15): Dứt lời, Dịch Phong quay người liền đi.…
[0030] Mao Doãn Nhi (Mỹ Duyên, t=0.92 s=0.1): Phụ thân, người đã nói sẽ giới thiệu con với tác giả Hồng Lâ…
[0031] Narrator (Đức Trí, t=0.8 s=0.15): Mao Doãn Nhi chu môi đỏ mọng làm nũng nói.…
[0032] Mao Lâm (Minh Triết, t=0.8 s=0.15): Doãn Nhi, con vẫn nên học tập buôn bán với các tiền bối tron…
[0033] Narrator (Đức Trí, t=0.8 s=0.15): Mao Lâm nhẹ giọng quát mắng.…
[0034] Mao Doãn Nhi (Mỹ Duyên, t=0.9 s=0.18): Buôn bán buôn bán, người chỉ biết muốn con buôn bán, con căn…
[0035] Narrator (Đức Trí, t=0.8 s=0.15): Mao Doãn Nhi dậm chân ngọc nũng nịu nói.…
[0036] Mao Lâm (Minh Triết, t=0.8 s=0.15): Con nói những điều này cũng vô ích, con sẽ không gặp được hắ…
[0037] Narrator (Đức Trí, t=0.8 s=0.15): Mao Lâm xụ mặt nói.…
[0038] Mao Doãn Nhi (Mỹ Duyên, t=0.9 s=0.1): Vì sao?…
[0039] Narrator (Đức Trí, t=0.8 s=0.15): Mao Doãn Nhi lo lắng nói.…
[0040] Mao Lâm (Minh Triết, t=0.88 s=0.12): Chỉ là một gã thôn phu nghèo hèn nơi sơn dã mà thôi, nếu khô…
[0041] Narrator (Đức Trí, t=0.8 s=0.15): Mao Lâm khinh miệt nói:…
[0042] Mao Lâm (Minh Triết, t=0.8 s=0.15): Vả lại, chuyện này cũng không mang lại lợi nhuận quá lớn cho…
[0043] Mao Doãn Nhi (Mỹ Duyên, t=0.85 s=0.22): Thế nhưng, thế nhưng doanh số Hồng Lâu Mộng rõ ràng rất tốt …
[0044] Narrator (Đức Trí, t=0.8 s=0.15): Mao Doãn Nhi không cam lòng nói:…
[0045] Mao Doãn Nhi (Mỹ Duyên, t=0.85 s=0.22): Vì sao không hợp tác với hắn?…
[0046] Mao Lâm (Minh Triết, t=0.8 s=0.15): Dù đúng là có không ít lợi nhuận, nhưng đó không phải trọng …
[0047] Narrator (Đức Trí, t=0.8 s=0.15): Mao Lâm nghiêm mặt giải thích:…
[0048] Mao Lâm (Minh Triết, t=0.8 s=0.15): Hơn nữa bây giờ đang là thời kỳ mấu chốt cạnh tranh với Bảo …
[0049] Narrator (Đức Trí, t=0.8 s=0.15): Hình như thấy Mao Doãn Nhi còn muốn nói gì đó, hắn nghiêm ng…
[0050] Mao Lâm (Minh Triết, t=0.8 s=0.15): Thôi, ta còn có chuyện phải bận, các ngươi đưa tiểu thư về p…
[0051-0058] Narrator (Đức Trí, t=0.85 s=0.22): Mặc cho Mao Doãn Nhi giãy giụa đến đâu, hai hạ nhân vẫn trực…
[0059] Lạc Lan Tuyết (Thục Đoan, t=0.8 s=0.15): Gặp qua tiên sinh.…
[0060-0061] Narrator (Đức Trí, t=0.8 s=0.15): Lạc Lan Tuyết thi lễ một cái, ánh mắt lại không dám nhìn thẳ…
[0062] Dịch Phong (Thái Sơn, t=0.9 s=0.12): Là hai vị à.…
[0063] Narrator (Đức Trí, t=0.8 s=0.15): Dịch Phong gật đầu, cười hỏi:…
[0064] Dịch Phong (Thái Sơn, t=0.9 s=0.12): Thanh Sơn lão ca đâu rồi, sao không thấy đến.…
[0065] Lạc Lan Tuyết (Thục Đoan, t=0.8 s=0.15): Sư... thúc phụ ta gần đây đang tịnh dưỡng ở nhà, cố ý muốn h…
[0066] Narrator (Đức Trí, t=0.8 s=0.15): Lạc Lan Tuyết từ trong tay đưa ra một chiếc giỏ đựng quà tin…
[0067] Lạc Lan Tuyết (Thục Đoan, t=0.8 s=0.15): Đây là trái cây hái trên núi, thúc phụ bảo chúng ta mang đến…
[0068] Dịch Phong (Thái Sơn, t=0.9 s=0.12): Khách sáo quá.…
[0069-0071] Narrator (Đức Trí, t=0.8 s=0.15): Dịch Phong cười nhận lấy giỏ trái cây, không khách khí mở ra…
[0072] Lạc Lan Tuyết (Thục Đoan, t=0.8 s=0.15): Tiên sinh đây là từ đâu đến vậy?…
[0073] Dịch Phong (Thái Sơn, t=0.8 s=0.15): Ta à...…
[0074] Narrator (Đức Trí, t=0.8 s=0.15): Dịch Phong cười khổ một tiếng, nói:…
[0075] Dịch Phong (Thái Sơn, t=0.85 s=0.22): Trong lúc rảnh rỗi, viết một cuốn sách, muốn kiếm thêm chút …
[0076] Lạc Lan Tuyết (Thục Đoan, t=0.9 s=0.1): Tiên sinh viết sách để trang trải cuộc sống, lại không tìm đ…
[0077-0081] Narrator (Đức Trí, t=0.8 s=0.15): Lạc Lan Tuyết hơi kinh ngạc.…
[0082] Lạc Lan Tuyết (Thục Đoan, t=0.8 s=0.15): Tiên sinh, nếu không chúng ta giúp đỡ ngài nhé?…
[0083] Narrator (Đức Trí, t=0.8 s=0.15): Sau khi hoàn hồn, Lạc Lan Tuyết lại cẩn thận dè dặt hỏi.…
[0084] Dịch Phong (Thái Sơn, t=0.9 s=0.1): Ồ?…
[0085] Narrator (Đức Trí, t=0.8 s=0.15): Mắt Dịch Phong hơi sáng lên.…
[0086] Lạc Lan Tuyết (Thục Đoan, t=0.92 s=0.1): Là thế này, phụ thân Lạc Ly là hội trưởng Bảo Phong thương h…
[0087] Narrator (Đức Trí, t=0.8 s=0.15): Lạc Lan Tuyết giải thích, dù sao tiên sinh đã nhập phàm, nàn…
[0088] Dịch Phong (Thái Sơn, t=0.92 s=0.1): Vậy thì thật là quá tốt rồi.…
[0089] Narrator (Đức Trí, t=0.92 s=0.1): Tâm trạng u ám của Dịch Phong lập tức tan biến, đúng là "hy …
render log -> output/render-20260914.jsonl | calls: vieneu-local×61
voices done: 1 ok [31] | 0 failed []
saved 5441 chars -> data/chapters/ch87.txt
digest via opencode (opencode/muse-spark-1.3-contributor-free)
   bible +Mao Ý (adult male, smug scheming tone with casual confidence) [87]
   bible +Thủ hạ cầm đầu (adult male, nervous respectful tone with fearful stammer) [87]
   bible +Ba Võ Linh (adult male, cold arrogant menacing collective tone) [87]
   bible alias 'Hội trưởng' -> Mao Lâm [87]
segments=61 roster=['Narrator', 'Mao Lâm', 'Mao Ý', 'Thủ hạ cầm đầu', 'Ba Võ Linh'] -> data/script-87.json
[prep:L] chapter 88
[render:L] chapter 32 (isolated process)
Warning: You are sending unauthenticated requests to the HF Hub. Please set a HF_TOKEN to enable higher rate limits and faster downloads.
===== voices chapter 32 =====
39 segments -> 31 local calls (runs batched)
[0000-0003] skip cached Narrator (Đức Trí)
[0004] skip cached Doãn Hùng (Minh Triết)
[0005] skip cached Narrator (Đức Trí)
[0006] skip cached Lạc Lan Tuyết (Thục Đoan)
[0007] skip cached Narrator (Đức Trí)
[0008] skip cached Doãn Hùng (Minh Triết)
[0009] skip cached Narrator (Đức Trí)
[0010] skip cached Doãn Hùng (Minh Triết)
[0011-0013] skip cached Narrator (Đức Trí)
[0014] skip cached Lạc Lan Tuyết (Thục Đoan)
[0015-0016] skip cached Narrator (Đức Trí)
[0017] skip cached Doãn Hùng (Minh Triết)
[0018-0019] skip cached Narrator (Đức Trí)
[0020] skip cached Doãn Hùng (Minh Triết)
[0021] skip cached Narrator (Đức Trí)
[0022] skip cached Quản gia (Quang Sơn)
[0023] skip cached Narrator (Đức Trí)
[0024] skip cached Doãn Hùng (Minh Triết)
[0025] skip cached Narrator (Đức Trí)
[0026] skip cached Quản gia (Quang Sơn)
[0027] skip cached Narrator (Đức Trí)
[0028] skip cached Doãn Hùng (Minh Triết)
[0029] skip cached Narrator (Đức Trí)
[0030] skip cached Doãn Hùng (Minh Triết)
[0031] skip cached Quản gia (Quang Sơn)
[0032] skip cached Narrator (Đức Trí)
[0033] skip cached Dịch Phong (Thái Sơn)
[0034] skip cached Narrator (Đức Trí)
[0035] skip cached Doãn Hùng (Minh Triết)
[0036-0037] Narrator (Đức Trí, t=0.8 s=0.15): Doãn Hùng cười tủm tỉm nói, lời lẽ kín kẽ không chê vào đâu …
[0038] Doãn Lạc Ly (Shizuka, t=0.9 s=0.12): Sao ta lại không hề biết thương hội nhà mình có ý định phát …
render log -> output/render-20260914.jsonl | calls: vieneu-local×2
voices done: 1 ok [32] | 0 failed []
saved 4800 chars -> data/chapters/ch88.txt
digest via opencode (opencode/muse-spark-1.3-contributor-free)
segments=65 roster=['Narrator', 'Doãn Hùng', 'Dịch Phong', 'Lạc Lan Tuyết', 'Thanh Sơn lão tổ'] -> data/script-88.json
[render:L] chapter 33 (isolated process)
[prep:L] chapter 89
[prep:R] chapter 79 FAILED (2/3): remote prep failed: ot;\n\nQuả nhiên, cánh cửa nhỏ &#x27;két&#x27; một tiếng, nhẹ nhàng khẽ mở.\n\nNgao Khánh gần như vô thức run rẩy, lông toàn thân 
[prep:R] chapter 79
Warning: You are sending unauthenticated requests to the HF Hub. Please set a HF_TOKEN to enable higher rate limits and faster downloads.
===== voices chapter 33 =====
85 segments -> 57 local calls (runs batched)
[0000-0003] skip cached Narrator (Đức Trí)
[0004] skip cached Thanh Sơn lão tổ (Minh Triết)
[0005] skip cached Narrator (Đức Trí)
[0006] skip cached Thanh Sơn lão tổ (Minh Triết)
[0007] skip cached Lạc Lan Tuyết (Thục Đoan)
[0008] skip cached Narrator (Đức Trí)
[0009] skip cached Lạc Lan Tuyết (Thục Đoan)
[0010] skip cached Thanh Sơn lão tổ (Minh Triết)
[0011] skip cached Narrator (Đức Trí)
[0012] skip cached Thanh Sơn lão tổ (Minh Triết)
[0013] skip cached Lạc Lan Tuyết (Thục Đoan)
[0014] skip cached Narrator (Đức Trí)
[0015] skip cached Thanh Sơn lão tổ (Minh Triết)
[0016] skip cached Narrator (Đức Trí)
[0017] skip cached Lạc Lan Tuyết (Thục Đoan)
[0018] skip cached Narrator (Đức Trí)
[0019] skip cached Thanh Sơn lão tổ (Minh Triết)
[0020] skip cached Narrator (Đức Trí)
[0021] skip cached Thanh Sơn lão tổ (Minh Triết)
[0022] skip cached Lạc Lan Tuyết (Thục Đoan)
[0023] skip cached Narrator (Đức Trí)
[0024] skip cached Thanh Sơn lão tổ (Minh Triết)
[0025] skip cached Narrator (Đức Trí)
[0026] skip cached Lạc Lan Tuyết (Thục Đoan)
[0027] skip cached Narrator (Đức Trí)
[0028] skip cached Thanh Sơn lão tổ (Minh Triết)
[0029] skip cached Narrator (Đức Trí)
[0030] skip cached Lạc Lan Tuyết (Thục Đoan)
[0031-0036] skip cached Narrator (Đức Trí)
[0037] skip cached Chung Thanh (Nobita)
[0038] skip cached Narrator (Đức Trí)
[0039] skip cached Chung Thanh (Nobita)
[0040] skip cached Dịch Phong (Thái Sơn)
[0041] skip cached Narrator (Đức Trí)
[0042] skip cached Dịch Phong (Thái Sơn)
[0043-0056] Narrator (Đức Trí, t=0.92 s=0.1): Dịch Phong rất ít khi nổi giận, khiến Chung Thanh im lặng ng…
[0057] Lạc Lan Tuyết (Thục Đoan, t=0.92 s=0.1): Sách của tiên sinh quả nhiên rất hay. Loại sách này, e rằng …
[0058-0059] Narrator (Đức Trí, t=0.8 s=0.15): Lạc Lan Tuyết ngồi xếp bằng trên đỉnh núi Thanh Sơn môn, mây…
[0060] Chu Vân (Quang Sơn, t=0.8 s=0.15): Tuyết Nhi.…
[0061] Narrator (Đức Trí, t=0.92 s=0.1): Lúc này, một bóng người xuất hiện bên cạnh Lạc Lan Tuyết. Hắ…
[0062] Lạc Lan Tuyết (Thục Đoan, t=0.8 s=0.15): Gặp qua môn chủ sư huynh.…
[0063] Narrator (Đức Trí, t=0.8 s=0.15): Người đến chính là Chu Vân của Thanh Sơn môn. Lạc Lan Tuyết …
[0064] Chu Vân (Quang Sơn, t=0.8 s=0.15): Tuyết Nhi, vì sao gần đây trong tông lại lạnh lẽo như vậy? T…
[0065-0067] Narrator (Đức Trí, t=0.9 s=0.18): Chu Vân vừa mới xuất quan đã nhận thấy Thanh Sơn môn yên tĩn…
[0068] skip cached Lạc Lan Tuyết (Thục Đoan)
[0069] skip cached Chu Vân (Quang Sơn)
[0070] skip cached Narrator (Đức Trí)
[0071] skip cached Chu Vân (Quang Sơn)
[0072-0073] skip cached Narrator (Đức Trí)
[0074] skip cached Chu Vân (Quang Sơn)
[0075-0076] skip cached Narrator (Đức Trí)
[0077] skip cached Lạc Lan Tuyết (Thục Đoan)
[0078] skip cached Narrator (Đức Trí)
[0079] skip cached Chu Vân (Quang Sơn)
[0080-0081] skip cached Narrator (Đức Trí)
[0082] skip cached Lạc Lan Tuyết (Thục Đoan)
[0083-0084] skip cached Narrator (Đức Trí)
render log -> output/render-20260914.jsonl | calls: vieneu-local×9
voices done: 1 ok [33] | 0 failed []
saved 4588 chars -> data/chapters/ch89.txt
digest via opencode (opencode/muse-spark-1.3-contributor-free)
   bible alias 'Thanh Sơn đại nhân' -> Thanh Sơn lão tổ [89]
   bible alias 'Chung Thanh công tử' -> Chung Thanh [89]
segments=52 roster=['Narrator', 'Thanh Sơn lão tổ', 'Lạc Lan Tuyết', 'Doãn Hùng', 'Doãn Lạc Ly', 'Chu Vân', 'Mọi người'] -> data/script-89.json
[render:R] chapter 34
[prep:L] chapter 90
[render:L] chapter 35 (isolated process)
Warning: You are sending unauthenticated requests to the HF Hub. Please set a HF_TOKEN to enable higher rate limits and faster downloads.
===== voices chapter 35 =====
51 segments -> 40 local calls (runs batched)
[0000] skip cached Mậu Mậu (Ngọc Trân)
[0001] skip cached Narrator (Đức Trí)
[0002] Bạch Phiêu Phiêu (Thục Đoan, t=0.9 s=0.1): Phàm nhân?…
[0003] skip cached Narrator (Đức Trí)
[0004] Bạch Phiêu Phiêu (Thục Đoan, t=0.8 s=0.15): Hỏi hắn có chuyện gì?…
[0005] skip cached Mậu Mậu (Ngọc Trân)
[0006] skip cached Narrator (Đức Trí)
[0007] Bạch Phiêu Phiêu (Thục Đoan, t=0.8 s=0.15): Cứ để hắn vào đi, sắp xếp cho hắn một tiểu viện, đồng thời c…
[0008] skip cached Narrator (Đức Trí)
[0009] skip cached Mậu Mậu (Ngọc Trân)
[0010-0012] skip cached Narrator (Đức Trí)
[0013] skip cached Dịch Phong (Thái Sơn)
[0014-0015] skip cached Narrator (Đức Trí)
[0016] Dịch Phong (Thái Sơn, t=0.92 s=0.1): Không sơn tân vũ tích lịch hậu. Nhập mộ quy sào vãn lai thu.…
[0017-0019] Narrator (Đức Trí, t=0.8 s=0.15): Cảnh tượng này khiến Dịch Phong không kìm được mà mượn những…
[0020] Bạch Phiêu Phiêu (Thục Đoan, t=0.8 s=0.15): Không sơn tân vũ tích lịch hậu, nhập mộ quy sào vãn lai thu,…
[0021-0025] Narrator (Đức Trí, t=0.8 s=0.15): Nàng bất giác khẽ ngâm theo.…
[0026] Bạch Phiêu Phiêu (Thục Đoan, t=0.8 s=0.15): Phàm phu tục tử, cũng không hẳn là như vậy...…
[0027] Narrator (Đức Trí, t=0.8 s=0.15): Nàng thầm nghĩ, đồng thời đôi tay ngọc ngà thu lại quyển sác…
[0028] Bạch Phiêu Phiêu (Thục Đoan, t=0.8 s=0.15): Công tử thơ hay, tiểu nữ xin đa tạ.…
[0029] Dịch Phong (Thái Sơn, t=0.8 s=0.15): Cô nương khách khí.…
[0030] skip cached Narrator (Đức Trí)
[0031] Bạch Phiêu Phiêu (Thục Đoan, t=0.8 s=0.15): Đã sắp xếp ổn thỏa chưa?…
[0032] Narrator (Đức Trí, t=0.8 s=0.15): Cô gái áo trắng khẽ hỏi.…
[0033] Mậu Mậu (Ngọc Trân, t=0.8 s=0.15): Sắp xếp ổn thỏa rồi, tiểu thư.…
[0034] Narrator (Đức Trí, t=0.8 s=0.15): Mậu Mậu quay trở lại, sau đó ngạc nhiên há hốc miệng nhỏ, ki…
[0035] Mậu Mậu (Ngọc Trân, t=0.9 s=0.1): A tiểu thư, người đang viết, chẳng phải là bài thơ hắn vừa m…
[0036] Bạch Phiêu Phiêu (Thục Đoan, t=0.8 s=0.15): Ừm.…
[0037] skip cached Narrator (Đức Trí)
[0038] skip cached Mậu Mậu (Ngọc Trân)
[0039] Narrator (Đức Trí, t=0.8 s=0.15): Mậu Mậu che miệng nhỏ bên cạnh, kinh ngạc nói.…
[0040] Bạch Phiêu Phiêu (Thục Đoan, t=0.8 s=0.15): Nói bậy bạ gì đó?…
[0041] Narrator (Đức Trí, t=0.8 s=0.15): Cô gái liếc Mậu Mậu một cái, đôi tay ngọc ngà đặt bút xuống.…
[0042-0043] Bạch Phiêu Phiêu (Thục Đoan, t=0.8 s=0.15): Ta chỉ là cảm thấy, câu thơ này của hắn thật sự rất hợp với …
[0044] Mậu Mậu (Ngọc Trân, t=0.9 s=0.12): Hì hì, tiểu thư còn nói không phải để ý cái phàm nhân kia, m…
[0045] Narrator (Đức Trí, t=0.8 s=0.15): Mậu Mậu nghịch ngợm che miệng cười nói.…
[0046] Bạch Phiêu Phiêu (Thục Đoan, t=0.8 s=0.15): Con bé này, ngươi lại nói lung tung, coi chừng ta đánh ngươi…
[0047] Narrator (Đức Trí, t=0.8 s=0.15): Cô gái áo trắng giả vờ muốn gõ đầu Mậu Mậu, đồng thời nói:…
[0048-0049] Bạch Phiêu Phiêu (Thục Đoan, t=0.8 s=0.15): Phàm nhân dù có tốt đến mấy cũng chỉ là một kẻ phàm nhân, kh…
[0050] skip cached Narrator (Đức Trí)
render log -> output/render-20260914.jsonl | calls: vieneu-local×26
voices done: 1 ok [35] | 0 failed []
saved 6076 chars -> data/chapters/ch90.txt
digest via opencode (opencode/muse-spark-1.3-contributor-free)
segments=61 roster=['Narrator', 'Quản gia', 'Mao Lâm', 'Ba Võ Linh'] -> data/script-90.json
[prep:L] chapter 91
[render:L] chapter 36 (isolated process)
Warning: You are sending unauthenticated requests to the HF Hub. Please set a HF_TOKEN to enable higher rate limits and faster downloads.
===== voices chapter 36 =====
40 segments -> 26 local calls (runs batched)
[0000] skip cached Narrator (Đức Trí)
[0001] skip cached Mậu Mậu (Ngọc Trân)
[0002] skip cached Mao Doãn Nhi (Mỹ Duyên)
[0003] skip cached Narrator (Đức Trí)
[0004] skip cached Mao Doãn Nhi (Mỹ Duyên)
[0005] skip cached Mậu Mậu (Ngọc Trân)
[0006] skip cached Narrator (Đức Trí)
[0007] skip cached Mậu Mậu (Ngọc Trân)
[0008] skip cached Mao Doãn Nhi (Mỹ Duyên)
[0009-0011] Narrator (Đức Trí, t=0.8 s=0.15): Nữ tử tán thưởng nhìn Mậu Mậu.…
[0012] Mao Doãn Nhi (Mỹ Duyên, t=0.92 s=0.08): Vậy Mậu Mậu, từ hôm nay trở đi, ngươi hãy giúp ta dốc toàn l…
[0013] Narrator (Đức Trí, t=0.8 s=0.15): Nữ tử nhẹ giọng căn dặn.…
[0014] Mậu Mậu (Ngọc Trân, t=0.92 s=0.1): Dạ dạ dạ, tiểu thư, ta biết tâm tư của người rồi, ta sẽ lập …
[0015-0018] Narrator (Đức Trí, t=0.8 s=0.15): Mậu Mậu che miệng khẽ cười nói, rồi lui xuống.…
[0019] Dịch Phong (Thái Sơn, t=0.92 s=0.1): Ưm, thơm quá!…
[0020-0023] Narrator (Đức Trí, t=0.8 s=0.15): Hít hà một chút, Dịch Phong không vội ăn ngay, vì món vừa nư…
[0024] Dịch Phong (Thái Sơn, t=0.92 s=0.1): Thêm một bình rượu ngon nữa thì đúng là tuyệt diệu!…
[0025-0029] Narrator (Đức Trí, t=0.8 s=0.15): Dịch Phong lấy hồ lô rượu ra, mọi thứ chuẩn bị xong xuôi, ch…
[0030] Dịch Phong (Thái Sơn, t=0.8 s=0.15): Ngẩng đầu trông trăng sáng, cúi đầu nhớ cố hương!…
[0031] Narrator (Đức Trí, t=0.85 s=0.22): Dịch Phong nâng chén mời trăng, đôi mắt chàng không biết từ …
[0032] Cô nương (Thùy Dung, t=0.9 s=0.12): Công tử không chỉ làm thơ hay, xem ra còn là người có nhiều …
[0033-0035] Narrator (Đức Trí, t=0.8 s=0.15): Ngoài đình viện, hai bóng hình xinh đẹp xuất hiện, cất tiếng…
[0036] Dịch Phong (Thái Sơn, t=0.8 s=0.15): Thì ra là hai vị cô nương, thật thất lễ.…
[0037] Narrator (Đức Trí, t=0.8 s=0.15): Dịch Phong vội thở dài, đồng thời mời hai nàng đến bên đống …
[0038] Dịch Phong (Thái Sơn, t=0.8 s=0.15): Không làm phiền hai vị mới phải, vốn ta định sửa soạn chút đ…
[0039] Narrator (Đức Trí, t=0.8 s=0.15): Nữ tử áo trắng nhìn Dịch Phong một lát. Chẳng hiểu vì sao, đ…
render log -> output/render-20260914.jsonl | calls: vieneu-local×17
voices done: 1 ok [36] | 0 failed []
saved 4702 chars -> data/chapters/ch91.txt
digest via opencode (opencode/muse-spark-1.3-contributor-free)
segments=43 roster=['Narrator', 'Mao Lâm', 'Ba Võ Linh', 'Thành viên thương hội'] -> data/script-91.json
[prep:L] chapter 92
[render:L] chapter 38 (isolated process)
Warning: You are sending unauthenticated requests to the HF Hub. Please set a HF_TOKEN to enable higher rate limits and faster downloads.
===== voices chapter 38 =====
50 segments -> 26 local calls (runs batched)
[0000-0001] skip cached Narrator (Đức Trí)
[0002] skip cached Bạch Phiêu Phiêu (Thục Đoan)
[0003-0005] skip cached Narrator (Đức Trí)
[0006] skip cached Bạch Phiêu Phiêu (Thục Đoan)
[0007] skip cached Dịch Phong (Thái Sơn)
[0008] skip cached Narrator (Đức Trí)
[0009-0011] Bạch Phiêu Phiêu (Thục Đoan, t=0.8 s=0.15): Quả nhiên là vậy.…
[0012] Dịch Phong (Thái Sơn, t=0.8 s=0.15): Không nguyện ý.…
[0013] Bạch Phiêu Phiêu (Thục Đoan, t=0.9 s=0.1): Ấy...…
[0014-0018] Narrator (Đức Trí, t=0.85 s=0.22): Bạch Phiêu Phiêu khẽ mấp máy môi. Nàng chưa từng bị ai từ ch…
[0019] Bạch Phiêu Phiêu (Thục Đoan, t=0.8 s=0.15): Là Phiêu Phiêu đường đột rồi. Công tử cứ ngồi lại, ta sẽ khô…
[0020] Narrator (Đức Trí, t=0.8 s=0.15): Nhưng vừa đứng dậy, nàng lại dừng bước.…
[0021] Bạch Phiêu Phiêu (Thục Đoan, t=0.8 s=0.15): À phải rồi, công tử có đọc sách không?…
[0022-0023] Dịch Phong (Thái Sơn, t=0.9 s=0.1): Sách ư?…
[0024] Narrator (Đức Trí, t=0.85 s=0.22): Dịch Phong áy náy lắc đầu.…
[0025] Bạch Phiêu Phiêu (Thục Đoan, t=0.85 s=0.22): Ồ, vậy sao!…
[0026-0034] Narrator (Đức Trí, t=0.85 s=0.22): Bạch Phiêu Phiêu gật đầu, đây là lần đầu tiên ánh mắt nàng n…
[0035] Bạch Phiêu Phiêu (Thục Đoan, t=0.8 s=0.15): Công tử nếu lần sau lên núi mà không có chỗ nghỉ, vẫn có thể…
[0036] Dịch Phong (Thái Sơn, t=0.8 s=0.15): Đa tạ Phiêu Phiêu cô nương.…
[0037] Narrator (Đức Trí, t=0.8 s=0.15): Dịch Phong gật đầu với hai nàng, rồi đeo giỏ trúc trên lưng,…
[0038] Mậu Mậu (Ngọc Trân, t=0.9 s=0.1): Tiểu thư, sao người còn muốn hắn tới vậy?…
[0039-0044] Narrator (Đức Trí, t=0.9 s=0.12): Bạch Phiêu Phiêu cười khẽ.…
[0045] Mậu Mậu (Ngọc Trân, t=0.9 s=0.12): Thôi được, nhưng hắn tới cũng tốt, cá tối qua ăn ngon thật đ…
[0046] Bạch Phiêu Phiêu (Thục Đoan, t=0.8 s=0.15): Được rồi, mau đi dọn dẹp căn phòng hắn đã ở đi!…
[0047-0048] Narrator (Đức Trí, t=0.92 s=0.1): Mậu Mậu lè lưỡi, rồi vâng lời đi dọn dẹp căn phòng.…
[0049] Mậu Mậu (Ngọc Trân, t=0.92 s=0.1): Tiểu thư, tiểu thư, mau đến xem này!…
render log -> output/render-20260914.jsonl | calls: vieneu-local×20
voices done: 1 ok [38] | 0 failed []
saved 5909 chars -> data/chapters/ch92.txt
digest via opencode (opencode/muse-spark-1.3-contributor-free)
   grammar fixes: 1
segments=64 roster=['Narrator', 'Mao Lâm', 'Ba Võ Linh', 'Thanh Sơn lão tổ'] -> data/script-92.json
[swarm] ch79 SHELVED at prep (3 strikes): remote prep failed: ot;\n\nQuả nhiên, cánh cửa nhỏ &#x27;két&#x27; một tiếng, nhẹ nhàng khẽ mở.\n\nNgao Khánh gần như vô thức run rẩy, lông toàn thân 
[prep:R] chapter 79 FAILED (3/3): remote prep failed: ot;\n\nQuả nhiên, cánh cửa nhỏ &#x27;két&#x27; một tiếng, nhẹ nhàng khẽ mở.\n\nNgao Khánh gần như vô thức run rẩy, lông toàn thân 
[render:R] chapter 39
[prep:R] chapter 93
[prep:L] chapter 94
[render:L] chapter 40 (isolated process)
Warning: You are sending unauthenticated requests to the HF Hub. Please set a HF_TOKEN to enable higher rate limits and faster downloads.
===== voices chapter 40 =====
56 segments -> 50 local calls (runs batched)
[0000] skip cached Narrator (Đức Trí)
[0001] skip cached Mao Lâm (Minh Triết)
[0002] skip cached Narrator (Đức Trí)
[0003] skip cached Mao Lâm (Minh Triết)
[0004-0005] skip cached Narrator (Đức Trí)
[0006] skip cached Dịch Phong (Thái Sơn)
[0007] skip cached Mao Lâm (Minh Triết)
[0008] skip cached Narrator (Đức Trí)
[0009] skip cached Mao Lâm (Minh Triết)
[0010-0013] Narrator (Đức Trí, t=0.8 s=0.15): Ánh mắt Dịch Phong hơi động đậy.…
[0014] Dịch Phong (Thái Sơn, t=0.9 s=0.12): Mao hội trưởng nói vậy thì sai rồi. Ngày đó ngài đích thân n…
[0015] Narrator (Đức Trí, t=0.8 s=0.15): Mao Lâm bị Dịch Phong nói cho mặt đỏ tía tai vì ngượng, vội …
[0016] Mao Lâm (Minh Triết, t=0.8 s=0.15): Ngươi xem, ngày đó ta chẳng qua là lỡ lời thôi mà, Dịch sư p…
[0017] skip cached Dịch Phong (Thái Sơn)
[0018] Narrator (Đức Trí, t=0.8 s=0.15): Dịch Phong ánh mắt lóe lên, thẳng thắn không chút kiêng dè:…
[0019] Dịch Phong (Thái Sơn, t=0.8 s=0.15): Hơn nữa, ta Dịch Phong, chính là một kẻ nhỏ nhen.…
[0020] skip cached Mao Lâm (Minh Triết)
[0021] Narrator (Đức Trí, t=0.8 s=0.15): Lời nói của Dịch Phong khiến Mao Lâm tức đến tái mặt, ông ta…
[0022] Mao Lâm (Minh Triết, t=0.9 s=0.18): Ngươi đây là ý gì? Thật sự cho rằng thương hội của chúng ta …
[0023] skip cached Dịch Phong (Thái Sơn)
[0024] Narrator (Đức Trí, t=0.8 s=0.15): Dịch Phong cười lạnh một tiếng, quay người bỏ đi, phất tay n…
[0025] Dịch Phong (Thái Sơn, t=0.8 s=0.15): Vậy mời các ngươi về đi!…
[0026] Mao Lâm (Minh Triết, t=0.92 s=0.08): Đừng! Đừng! Đừng!…
[0027] Narrator (Đức Trí, t=0.8 s=0.15): Câu nói của Dịch Phong quả thực khiến Mao Lâm đau thấu tim g…
[0028] Dịch Phong (Thái Sơn, t=0.8 s=0.15): Sao vậy, Mao hội trưởng, còn do dự gì nữa, ngươi còn định là…
[0029-0030] Narrator (Đức Trí, t=0.8 s=0.15): Dịch Phong nghiêng đầu lạnh lùng hỏi.…
[0031] Mao Lâm (Minh Triết, t=0.8 s=0.15): Thế này đi, ngươi cứ nói thẳng một cái giá, làm thế nào mới …
[0032] Dịch Phong (Thái Sơn, t=0.8 s=0.15): Không hứng thú.…
[0033] skip cached Narrator (Đức Trí)
[0034] skip cached Mao Lâm (Minh Triết)
[0035] skip cached Narrator (Đức Trí)
[0036] skip cached Mao Lâm (Minh Triết)
[0037] skip cached Narrator (Đức Trí)
[0038] Mao Lâm (Minh Triết, t=0.92 s=0.1): Một vạn kim tệ?…
[0039] skip cached Narrator (Đức Trí)
[0040] skip cached Dịch Phong (Thái Sơn)
[0041] Narrator (Đức Trí, t=0.8 s=0.15): Dịch Phong lười biếng không muốn dây dưa với Mao Lâm nữa, th…
[0042] Dịch Phong (Thái Sơn, t=0.8 s=0.15): Hơn nữa, ta Dịch Phong là một kẻ nhỏ nhen, lời sỉ nhục của n…
[0043] skip cached Mao Lâm (Minh Triết)
[0044] skip cached Narrator (Đức Trí)
[0045] skip cached Mao Lâm (Minh Triết)
[0046] Narrator (Đức Trí, t=0.8 s=0.15): Nói đến đây, ánh mắt ông ta nheo lại, nói tiếp:…
[0047] Mao Lâm (Minh Triết, t=0.8 s=0.15): Chẳng lẽ ngươi không sợ tham lam quá độ mà tự chuốc lấy họa …
[0048-0049] Narrator (Đức Trí, t=0.8 s=0.15): Lời nói của Mao Lâm khiến Dịch Phong bật cười.…
[0050] Dịch Phong (Thái Sơn, t=0.9 s=0.12): Một vạn kim tệ thì có nhiều lắm sao?…
[0051] skip cached Mao Lâm (Minh Triết)
[0052] Narrator (Đức Trí, t=0.8 s=0.15): Mao Lâm mặt trầm xuống, giận dữ nói:…
[0053] Mao Lâm (Minh Triết, t=0.9 s=0.18): Đừng nói một vạn kim tệ, cho dù năm trăm kim tệ ngươi cũng c…
[0054] Dịch Phong (Thái Sơn, t=0.9 s=0.12): Thật sao?…
[0055] Narrator (Đức Trí, t=0.8 s=0.15): Dịch Phong nhếch khóe miệng.…
render log -> output/render-20260914.jsonl | calls: vieneu-local×27
voices done: 1 ok [40] | 0 failed []
